type: logcat
osVersion: google/tegu/tegu:17/CP2A.260705.006/2026071501:user/release-keys
flags: dev options enabled
package: org.archrogue.archrogue:102840305, targetSdk 34
buffers: main,system,crash,events,kernel
level: verbose

--------- beginning of main
07-19 20:47:11.523 15075 15075 I libc    : SetHeapTaggingLevel: tag level set to 0
07-19 20:47:11.527 15075 15075 I Zygote  : Process 15075 created for org.archrogue.archrogue
07-19 20:47:11.527 15075 15075 I rogue.archrogue: Late-enabling -Xcheck:jni
07-19 20:47:11.533 15075 15075 I rogue.archrogue: Using generational CollectorTypeCMC GC.
07-19 20:47:11.540 15075 15075 D nativeloader: Load libframework-connectivity-tiramisu-jni.so using APEX ns com_android_tethering for caller /apex/com.android.tethering/javalib/framework-connectivity-t.jar: ok
07-19 20:47:11.586 15075 15075 E FeatureFlagsImplExport: android.os.flagging.AconfigStorageReadException: ERROR_PACKAGE_NOT_FOUND: package android.xr cannot be found on the device
07-19 20:47:11.594 15075 15075 D DynCodeLoading: AppBindFlags: 0
07-19 20:47:11.594 15075 15075 D CompatChangeReporter: Compat change id reported: 242716250; UID 10262; state: ENABLED
07-19 20:47:11.594 15075 15075 I Typeface: Preloading /system/fonts/Roboto-Regular.ttf
07-19 20:47:11.594 15075 15075 I Typeface: Preloading /system/fonts/RobotoStatic-Regular.ttf
07-19 20:47:11.658 15075 15075 I SystemFonts: Loading font config from /system/etc/fonts.xml
07-19 20:47:11.660 15075 15075 D CompatChangeReporter: Compat change id reported: 247079863; UID 10262; state: ENABLED
07-19 20:47:11.821 15075 15075 D AssetManager: reusing systemIdmapPaths
07-19 20:47:11.832 15075 15075 D nativeloader: InitApexLibraries:
07-19 20:47:11.832 15075 15075 D nativeloader:   com_android_art: libnativehelper.so
07-19 20:47:11.832 15075 15075 D nativeloader:   com_android_i18n: libicui18n.so:libicuuc.so:libicu.so
07-19 20:47:11.832 15075 15075 D nativeloader:   com_android_neuralnetworks: libneuralnetworks.so
07-19 20:47:11.832 15075 15075 D nativeloader: InitDefaultPublicLibraries for_preload=0: libandroid.so:libaaudio.so:libamidi.so:libbinder_ndk.so:libc.so:libcamera2ndk.so:libclang_rt.hwasan-aarch64-android.so:libdl.so:libEGL.so:libGLESv1_CM.so:libGLESv2.so:libGLESv3.so:libjnigraphics.so:liblog.so:libmediandk.so:libm.so:libnativewindow.so:libOpenMAXAL.so:libOpenSLES.so:libRS.so:libstdc++.so:libsync.so:libvulkan.so:libwebviewchromium_plat_support.so:libz.so
07-19 20:47:11.832 15075 15075 D nativeloader: Configuring clns-1 for other apk /data/app/~~0a9Qp_9jPWqPhL7aKzj9Uw==/org.archrogue.archrogue-w97uOBK8zKAQgCoaP16N6w==/base.apk. target_sdk_version=34, uses_libraries=, library_path=/data/app/~~0a9Qp_9jPWqPhL7aKzj9Uw==/org.archrogue.archrogue-w97uOBK8zKAQgCoaP16N6w==/lib/arm64:/data/app/~~0a9Qp_9jPWqPhL7aKzj9Uw==/org.archrogue.archrogue-w97uOBK8zKAQgCoaP16N6w==/base.apk!/lib/arm64-v8a, permitted_path=/data:/mnt/expand:/data/user/0/org.archrogue.archrogue
07-19 20:47:11.832 15075 15075 D nativeloader: InitExtendedPublicLibraries: 
07-19 20:47:11.833 15075 15075 D nativeloader: InitApexLibraries:
07-19 20:47:11.833 15075 15075 D nativeloader:   
07-19 20:47:11.833 15075 15075 D nativeloader: InitVendorPublicLibraries: libOpenCL.so:libOpenCL-pixel.so:libedgetpu_client.google.so:libedgetpu_util.so:lib_aion_buffer.so:lib_jpg_encoder.so:libgxp.so:libedgetpu_tachyon.google.so:libedgetpu_litert.so
07-19 20:47:11.833 15075 15075 D nativeloader: InitProductPublicLibraries: 
07-19 20:47:11.837 15075 15075 D nativeloader: Load libframework-connectivity-jni.so using APEX ns com_android_tethering for caller /apex/com.android.tethering/javalib/framework-connectivity.jar: ok
07-19 20:47:11.838 15075 15075 V GraphicsEnvironment: Currently set values for:
07-19 20:47:11.838 15075 15075 V GraphicsEnvironment:   angle_gl_driver_selection_pkgs=[com.android.angle, com.google.android.apps.tachyon]
07-19 20:47:11.838 15075 15075 V GraphicsEnvironment:   angle_gl_driver_selection_values=[angle, native]
07-19 20:47:11.838 15075 15075 V GraphicsEnvironment: org.archrogue.archrogue is not listed in per-application setting
07-19 20:47:11.838 15075 15075 V GraphicsEnvironment: No special selections for ANGLE, returning default driver choice
07-19 20:47:11.840 15075 15075 V GraphicsEnvironment: Neither updatable production driver nor prerelease driver is supported.
--------- beginning of system
07-19 20:47:11.848 15075 15091 I DisplayManager: Choreographer implicitly registered for the refresh rate.
--------- switch to main
07-19 20:47:11.855 15075 15075 D DesktopExperienceFlags: Toggle override initialized to: false
07-19 20:47:11.874 15075 15075 V PythonActivity: PythonActivity onCreate running
07-19 20:47:11.874 15075 15075 V PythonActivity: About to do super onCreate
07-19 20:47:11.874 15075 15075 V SDL     : Device: tegu
07-19 20:47:11.874 15075 15075 V SDL     : Model: Pixel 9a
07-19 20:47:11.874 15075 15075 V SDL     : onCreate()
07-19 20:47:11.874 15075 15075 V PythonActivity: Did super onCreate
07-19 20:47:11.874 15075 15075 V SDL     : getting identifier
07-19 20:47:11.874 15075 15075 V SDL     : kind is layout and name lottie
07-19 20:47:11.874 15075 15075 V SDL     : result is 0
07-19 20:47:11.874 15075 15075 E rogue.archrogue: Invalid resource ID 0x00000000.
07-19 20:47:11.874 15075 15075 V SDL     : couldn't find lottie layout or animation, trying static splash
07-19 20:47:11.874 15075 15075 V SDL     : getting identifier
07-19 20:47:11.874 15075 15075 V SDL     : kind is drawable and name presplash
07-19 20:47:11.874 15075 15075 V SDL     : result is 2130771969
07-19 20:47:11.878 15075 15075 V SDL     : asked to get string presplash_color
07-19 20:47:11.878 15075 15075 V SDL     : getting identifier
07-19 20:47:11.878 15075 15075 V SDL     : kind is string and name presplash_color
07-19 20:47:11.878 15075 15075 V SDL     : result is 2131034113
--------- beginning of events
07-19 20:47:11.884 15075 15075 I wm_on_create_called: [Token=124713538,Component Name=org.kivy.android.PythonActivity,Reason=performCreate,time=9ms]
--------- switch to main
07-19 20:47:11.884 15075 15075 V SDL     : onStart()
--------- switch to events
07-19 20:47:11.884 15075 15075 I wm_on_start_called: [Token=124713538,Component Name=org.kivy.android.PythonActivity,Reason=handleStartActivity,time=0ms]
--------- switch to main
07-19 20:47:11.884 15075 15099 V PythonActivity: Ready to unpack
07-19 20:47:11.885 15075 15099 V pythonutil: Unpacking private app
07-19 20:47:11.885 15075 15075 V PythonActivity: onResume()
07-19 20:47:11.885 15075 15075 V SDL     : onResume()
07-19 20:47:11.885 15075 15099 V pythonutil: Data version is be4fbb2f77472cc0ce0ae400bdabec2ef00e618e
07-19 20:47:11.885 15075 15099 V pythonutil: Extracting private assets.
07-19 20:47:11.887 15075 15099 V python  : extracting arch_rogue/
07-19 20:47:11.887 15075 15099 V python  : extracting arch_rogue/__init__.pyc
07-19 20:47:11.887 15075 15099 V python  : extracting arch_rogue/__main__.pyc
07-19 20:47:11.888 15075 15099 V python  : extracting arch_rogue/assets/
07-19 20:47:11.888 15075 15099 V python  : extracting arch_rogue/assets/__init__.pyc
07-19 20:47:11.888 15075 15099 V python  : extracting arch_rogue/assets/icons/
07-19 20:47:11.888 15075 15099 V python  : extracting arch_rogue/assets/icons/icon_128.png
--------- switch to events
07-19 20:47:11.888 15075 15075 I wm_on_resume_called: [Token=124713538,Component Name=org.kivy.android.PythonActivity,Reason=RESUME_ACTIVITY,time=4ms]
--------- switch to main
07-19 20:47:11.889 15075 15099 V python  : extracting arch_rogue/assets/icons/icon_16.png
07-19 20:47:11.889 15075 15099 V python  : extracting arch_rogue/assets/icons/icon_256.png
07-19 20:47:11.890 15075 15099 V python  : extracting arch_rogue/assets/icons/icon_32.png
07-19 20:47:11.890 15075 15099 V python  : extracting arch_rogue/assets/icons/icon_512.png
07-19 20:47:11.891 15075 15099 V python  : extracting arch_rogue/assets/icons/icon_64.png
07-19 20:47:11.891 15075 15099 V python  : extracting arch_rogue/assets/quest_cutscenes.json
07-19 20:47:11.892 15075 15099 V python  : extracting arch_rogue/assets/sprites/actors/acolyte/animations/act/
07-19 20:47:11.893 15075 15099 V python  : extracting arch_rogue/assets/sprites/actors/acolyte/animations/act/south/
07-19 20:47:11.893 15075 15099 V python  : extracting arch_rogue/assets/sprites/actors/acolyte/animations/act/south/frame_000.png
07-19 20:47:11.893 15075 15075 W libc    : Access denied finding property "ro.debuggable"
07-19 20:47:11.894 15075 15099 V python  : extracting arch_rogue/assets/sprites/actors/acolyte/animations/act/south/frame_001.png
07-19 20:47:11.895 15075 15099 V python  : extracting arch_rogue/assets/sprites/actors/acolyte/animations/act/south/frame_002.png
--------- switch to system
07-19 20:47:11.897 15075 15075 D InsetsController: Setting requestedVisibleTypes to 498 (was 503)
--------- switch to main
07-19 20:47:11.897 15075 15099 V python  : extracting arch_rogue/assets/sprites/actors/acolyte/animations/act/south/frame_003.png
07-19 20:47:11.898 15075 15099 V python  : extracting arch_rogue/assets/sprites/actors/acolyte/animations/act/south/frame_004.png
07-19 20:47:11.898 15075 15099 V python  : extracting arch_rogue/assets/sprites/actors/acolyte/animations/act/south/frame_005.png
07-19 20:47:11.900 15075 15099 V python  : extracting arch_rogue/assets/sprites/actors/acolyte/animations/act/south/frame_006.png
07-19 20:47:11.900 15075 15099 V python  : extracting arch_rogue/assets/sprites/actors/acolyte/animations/act/south/frame_007.png
--------- switch to events
07-19 20:47:11.901 15075 15075 I wm_on_top_resumed_gained_called: [Token=124713538,Component Name=org.kivy.android.PythonActivity,Reason=topStateChangedWhenResumed]
--------- switch to main
07-19 20:47:11.902 15075 15099 V python  : extracting arch_rogue/assets/sprites/actors/acolyte/animations/attack/
07-19 20:47:11.902 15075 15099 V python  : extracting arch_rogue/assets/sprites/actors/acolyte/animations/attack/east/
07-19 20:47:11.902 15075 15099 V python  : extracting arch_rogue/assets/sprites/actors/acolyte/animations/attack/east/frame_000.png
07-19 20:47:11.902 15075 15099 V python  : extracting arch_rogue/assets/sprites/actors/acolyte/animations/attack/east/frame_001.png
07-19 20:47:11.902 15075 15075 D VRI[PythonActivity]: WindowInsets changed: 2424x1080 statusBars:[0,63,0,0] navigationBars:[0,0,0,63] mandatorySystemGestures:[0,63,0,84] 
07-19 20:47:11.903 15075 15075 D WindowOnBackDispatcher: setTopOnBackInvokedCallback (unwrapped): android.view.ViewRootImpl$$ExternalSyntheticLambda14@10cc989
07-19 20:47:11.904 15075 15099 V python  : extracting arch_rogue/assets/sprites/actors/acolyte/animations/attack/east/frame_002.png
07-19 20:47:11.904 15075 15099 V python  : extracting arch_rogue/assets/sprites/actors/acolyte/animations/attack/east/frame_003.png
07-19 20:47:11.904 15075 15099 V python  : extracting arch_rogue/assets/sprites/actors/acolyte/animations/attack/east/frame_004.png
07-19 20:47:11.905 15075 15099 V python  : extracting arch_rogue/assets/sprites/actors/acolyte/animations/attack/east/frame_005.png
07-19 20:47:11.906 15075 15099 V python  : extracting arch_rogue/assets/sprites/actors/acolyte/animations/attack/east/frame_006.png
07-19 20:47:11.907 15075 15099 V python  : extracting arch_rogue/assets/sprites/actors/acolyte/animations/attack/north-east/
07-19 20:47:11.907 15075 15099 V python  : extracting arch_rogue/assets/sprites/actors/acolyte/animations/attack/north-east/frame_000.png
07-19 20:47:11.908 15075 15099 V python  : extracting arch_rogue/assets/sprites/actors/acolyte/animations/attack/north-east/frame_001.png
07-19 20:47:11.908 15075 15099 V python  : extracting arch_rogue/assets/sprites/actors/acolyte/animations/attack/north-east/frame_002.png
07-19 20:47:11.908 15075 15099 V python  : extracting arch_rogue/assets/sprites/actors/acolyte/animations/attack/north-east/frame_003.png
07-19 20:47:11.908 15075 15099 V python  : extracting arch_rogue/assets/sprites/actors/acolyte/animations/attack/north-east/frame_004.png
07-19 20:47:11.909 15075 15099 V python  : extracting arch_rogue/assets/sprites/actors/acolyte/animations/attack/north-east/frame_005.png
07-19 20:47:11.909 15075 15099 V python  : extracting arch_rogue/assets/sprites/actors/acolyte/animations/attack/north-east/frame_006.png
07-19 20:47:11.910 15075 15099 V python  : extracting arch_rogue/assets/sprites/actors/acolyte/animations/attack/north-west/
07-19 20:47:11.910 15075 15099 V python  : extracting arch_rogue/assets/sprites/actors/acolyte/animations/attack/north-west/frame_000.png
07-19 20:47:11.910 15075 15075 I Surface : Creating surface for consumer unnamed-15075-0 with slotExpansion=1 for 64 slots
07-19 20:47:11.910 15075 15099 V python  : extracting arch_rogue/assets/sprites/actors/acolyte/animations/attack/north-west/frame_001.png
07-19 20:47:11.911 15075 15075 I Surface : Creating surface for consumer VRI[PythonActivity]#0(BLAST Consumer)0 with slotExpansion=1 for 64 slots
--------- switch to events
07-19 20:47:11.911 15075 15075 I viewroot_draw_event: [window=VRI[PythonActivity]d3499c0,event=applyTransactionOnDraw applyImmediately]
--------- switch to main
07-19 20:47:11.912 15075 15075 D nativeloader: Load libstats_jni.so using APEX ns com_android_os_statsd for caller /apex/com.android.os.statsd/javalib/framework-statsd.jar: ok
07-19 20:47:11.912 15075 15075 D VRI[PythonActivity]: WindowInsets changed: statusBars:null 
07-19 20:47:11.913 15075 15099 V python  : extracting arch_rogue/assets/sprites/actors/acolyte/animations/attack/north-west/frame_002.png
07-19 20:47:11.914 15075 15099 V python  : extracting arch_rogue/assets/sprites/actors/acolyte/animations/attack/north-west/frame_003.png
07-19 20:47:11.915 15075 15099 V python  : extracting arch_rogue/assets/sprites/actors/acolyte/animations/attack/north-west/frame_004.png
07-19 20:47:11.915 15075 15099 V python  : extracting arch_rogue/assets/sprites/actors/acolyte/animations/attack/north-west/frame_005.png
07-19 20:47:11.916 15075 15099 V python  : extracting arch_rogue/assets/sprites/actors/acolyte/animations/attack/north-west/frame_006.png
07-19 20:47:11.916 15075 15099 V python  : extracting arch_rogue/assets/sprites/actors/acolyte/animations/attack/north/
07-19 20:47:11.916 15075 15099 V python  : extracting arch_rogue/assets/sprites/actors/acolyte/animations/attack/north/frame_000.png
07-19 20:47:11.917 15075 15099 V python  : extracting arch_rogue/assets/sprites/actors/acolyte/animations/attack/north/frame_001.png
07-19 20:47:11.919 15075 15099 V python  : extracting arch_rogue/assets/sprites/actors/acolyte/animations/attack/north/frame_002.png
07-19 20:47:11.920 15075 15099 V python  : extracting arch_rogue/assets/sprites/actors/acolyte/animations/attack/north/frame_003.png
07-19 20:47:11.920 15075 15099 V python  : extracting arch_rogue/assets/sprites/actors/acolyte/animations/attack/north/frame_004.png
07-19 20:47:11.921 15075 15099 V python  : extracting arch_rogue/assets/sprites/actors/acolyte/animations/attack/north/frame_005.png
07-19 20:47:11.924 15075 15099 V python  : extracting arch_rogue/assets/sprites/actors/acolyte/animations/attack/north/frame_006.png
07-19 20:47:11.926 15075 15099 V python  : extracting arch_rogue/assets/sprites/actors/acolyte/animations/attack/south-east/
07-19 20:47:11.926 15075 15099 V python  : extracting arch_rogue/assets/sprites/actors/acolyte/animations/attack/south-east/frame_000.png
07-19 20:47:11.927 15075 15099 V python  : extracting arch_rogue/assets/sprites/actors/acolyte/animations/attack/south-east/frame_001.png
07-19 20:47:11.928 15075 15099 V python  : extracting arch_rogue/assets/sprites/actors/acolyte/animations/attack/south-east/frame_002.png
07-19 20:47:11.929 15075 15099 V python  : extracting arch_rogue/assets/sprites/actors/acolyte/animations/attack/south-east/frame_003.png
07-19 20:47:11.929 15075 15099 V python  : extracting arch_rogue/assets/sprites/actors/acolyte/animations/attack/south-east/frame_004.png
07-19 20:47:11.930 15075 15099 V python  : extracting arch_rogue/assets/sprites/actors/acolyte/animations/attack/south-east/frame_005.png
07-19 20:47:11.932 15075 15099 V python  : extracting arch_rogue/assets/sprites/actors/acolyte/animations/attack/south-east/frame_006.png
07-19 20:47:11.933 15075 15099 V python  : extracting arch_rogue/assets/sprites/actors/acolyte/animations/attack/south-west/
07-19 20:47:11.933 15075 15099 V python  : extracting arch_rogue/assets/sprites/actors/acolyte/animations/attack/south-west/frame_000.png
07-19 20:47:11.934 15075 15099 V python  : extracting arch_rogue/assets/sprites/actors/acolyte/animations/attack/south-west/frame_001.png
07-19 20:47:11.935 15075 15099 V python  : extracting arch_rogue/assets/sprites/actors/acolyte/animations/attack/south-west/frame_002.png
07-19 20:47:11.936 15075 15099 V python  : extracting arch_rogue/assets/sprites/actors/acolyte/animations/attack/south-west/frame_003.png
07-19 20:47:11.936 15075 15099 V python  : extracting arch_rogue/assets/sprites/actors/acolyte/animations/attack/south-west/frame_004.png
07-19 20:47:11.937 15075 15099 V python  : extracting arch_rogue/assets/sprites/actors/acolyte/animations/attack/south-west/frame_005.png
07-19 20:47:11.938 15075 15099 V python  : extracting arch_rogue/assets/sprites/actors/acolyte/animations/attack/south-west/frame_006.png
07-19 20:47:11.938 15075 15099 V python  : extracting arch_rogue/assets/sprites/actors/acolyte/animations/attack/south/
07-19 20:47:11.939 15075 15099 V python  : extracting arch_rogue/assets/sprites/actors/acolyte/animations/attack/south/frame_000.png
07-19 20:47:11.940 15075 15099 V python  : extracting arch_rogue/assets/sprites/actors/acolyte/animations/attack/south/frame_001.png
07-19 20:47:11.941 15075 15099 V python  : extracting arch_rogue/assets/sprites/actors/acolyte/animations/attack/south/frame_002.png
07-19 20:47:11.943 15075 15099 V python  : extracting arch_rogue/assets/sprites/actors/acolyte/animations/attack/south/frame_003.png
07-19 20:47:11.944 15075 15099 V python  : extracting arch_rogue/assets/sprites/actors/acolyte/animations/attack/south/frame_004.png
--------- switch to events
07-19 20:47:11.944 15075 15075 I viewroot_draw_event: [window=VRI[PythonActivity]d3499c0,event=reportDrawFinished seqId=1]
--------- switch to main
07-19 20:47:11.945 15075 15099 V python  : extracting arch_rogue/assets/sprites/actors/acolyte/animations/attack/south/frame_005.png
07-19 20:47:11.945 15075 15099 V python  : extracting arch_rogue/assets/sprites/actors/acolyte/animations/attack/south/frame_006.png
07-19 20:47:11.947 15075 15099 V python  : extracting arch_rogue/assets/sprites/actors/acolyte/animations/attack/west/
07-19 20:47:11.947 15075 15099 V python  : extracting arch_rogue/assets/sprites/actors/acolyte/animations/attack/west/frame_000.png
07-19 20:47:11.947 15075 15099 V python  : extracting arch_rogue/assets/sprites/actors/acolyte/animations/attack/west/frame_001.png
--------- switch to events
07-19 20:47:11.948 15075 15075 I viewroot_draw_event: [window=VRI[PythonActivity]d3499c0,event=reportDrawFinished seqId=2]
--------- switch to main
07-19 20:47:11.949 15075 15099 V python  : extracting arch_rogue/assets/sprites/actors/acolyte/animations/attack/west/frame_002.png
07-19 20:47:11.949 15075 15099 V python  : extracting arch_rogue/assets/sprites/actors/acolyte/animations/attack/west/frame_003.png
07-19 20:47:11.949 15075 15099 V python  : extracting arch_rogue/assets/sprites/actors/acolyte/animations/attack/west/frame_004.png
07-19 20:47:11.950 15075 15099 V python  : extracting arch_rogue/assets/sprites/actors/acolyte/animations/attack/west/frame_005.png
07-19 20:47:11.950 15075 15099 V python  : extracting arch_rogue/assets/sprites/actors/acolyte/animations/attack/west/frame_006.png
07-19 20:47:11.950 15075 15099 V python  : extracting arch_rogue/assets/sprites/actors/acolyte/animations/cast/
07-19 20:47:11.951 15075 15099 V python  : extracting arch_rogue/assets/sprites/actors/acolyte/animations/cast/east/
07-19 20:47:11.951 15075 15099 V python  : extracting arch_rogue/assets/sprites/actors/acolyte/animations/cast/east/frame_000.png
07-19 20:47:11.951 15075 15099 V python  : extracting arch_rogue/assets/sprites/actors/acolyte/animations/cast/east/frame_001.png
07-19 20:47:11.951 15075 15099 V python  : extracting arch_rogue/assets/sprites/actors/acolyte/animations/cast/east/frame_002.png
07-19 20:47:11.952 15075 15099 V python  : extracting arch_rogue/assets/sprites/actors/acolyte/animations/cast/east/frame_003.png
07-19 20:47:11.952 15075 15099 V python  : extracting arch_rogue/assets/sprites/actors/acolyte/animations/cast/east/frame_004.png
07-19 20:47:11.953 15075 15099 V python  : extracting arch_rogue/assets/sprites/actors/acolyte/animations/cast/east/frame_005.png
07-19 20:47:11.953 15075 15099 V python  : extracting arch_rogue/assets/sprites/actors/acolyte/animations/cast/east/frame_006.png
07-19 20:47:11.953 15075 15099 V python  : extracting arch_rogue/assets/sprites/actors/acolyte/animations/cast/north-east/
07-19 20:47:11.953 15075 15099 V python  : extracting arch_rogue/assets/sprites/actors/acolyte/animations/cast/north-east/frame_000.png
07-19 20:47:11.954 15075 15099 V python  : extracting arch_rogue/assets/sprites/actors/acolyte/animations/cast/north-east/frame_001.png
07-19 20:47:11.954 15075 15099 V python  : extracting arch_rogue/assets/sprites/actors/acolyte/animations/cast/north-east/frame_002.png
07-19 20:47:11.954 15075 15099 V python  : extracting arch_rogue/assets/sprites/actors/acolyte/animations/cast/north-east/frame_003.png
07-19 20:47:11.955 15075 15099 V python  : extracting arch_rogue/assets/sprites/actors/acolyte/animations/cast/north-east/frame_004.png
07-19 20:47:11.955 15075 15099 V python  : extracting arch_rogue/assets/sprites/actors/acolyte/animations/cast/north-east/frame_005.png
07-19 20:47:11.955 15075 15099 V python  : extracting arch_rogue/assets/sprites/actors/acolyte/animations/cast/north-east/frame_006.png
07-19 20:47:11.956 15075 15099 V python  : extracting arch_rogue/assets/sprites/actors/acolyte/animations/cast/north-west/
07-19 20:47:11.956 15075 15099 V python  : extracting arch_rogue/assets/sprites/actors/acolyte/animations/cast/north-west/frame_000.png
07-19 20:47:11.956 15075 15099 V python  : extracting arch_rogue/assets/sprites/actors/acolyte/animations/cast/north-west/frame_001.png
07-19 20:47:11.956 15075 15099 V python  : extracting arch_rogue/assets/sprites/actors/acolyte/animations/cast/north-west/frame_002.png
07-19 20:47:11.957 15075 15099 V python  : extracting arch_rogue/assets/sprites/actors/acolyte/animations/cast/north-west/frame_003.png
07-19 20:47:11.957 15075 15099 V python  : extracting arch_rogue/assets/sprites/actors/acolyte/animations/cast/north-west/frame_004.png
07-19 20:47:11.957 15075 15099 V python  : extracting arch_rogue/assets/sprites/actors/acolyte/animations/cast/north-west/frame_005.png
07-19 20:47:11.958 15075 15099 V python  : extracting arch_rogue/assets/sprites/actors/acolyte/animations/cast/north-west/frame_006.png
07-19 20:47:11.958 15075 15099 V python  : extracting arch_rogue/assets/sprites/actors/acolyte/animations/cast/north/
07-19 20:47:11.958 15075 15099 V python  : extracting arch_rogue/assets/sprites/actors/acolyte/animations/cast/north/frame_000.png
07-19 20:47:11.959 15075 15099 V python  : extracting arch_rogue/assets/sprites/actors/acolyte/animations/cast/north/frame_001.png
07-19 20:47:11.959 15075 15099 V python  : extracting arch_rogue/assets/sprites/actors/acolyte/animations/cast/north/frame_002.png
07-19 20:47:11.959 15075 15099 V python  : extracting arch_rogue/assets/sprites/actors/acolyte/animations/cast/north/frame_003.png
07-19 20:47:11.959 15075 15099 V python  : extracting arch_rogue/assets/sprites/actors/acolyte/animations/cast/north/frame_004.png
07-19 20:47:11.960 15075 15099 V python  : extracting arch_rogue/assets/sprites/actors/acolyte/animations/cast/north/frame_005.png
07-19 20:47:11.960 15075 15099 V python  : extracting arch_rogue/assets/sprites/actors/acolyte/animations/cast/north/frame_006.png
07-19 20:47:11.960 15075 15099 V python  : extracting arch_rogue/assets/sprites/actors/acolyte/animations/cast/south-east/
07-19 20:47:11.960 15075 15099 V python  : extracting arch_rogue/assets/sprites/actors/acolyte/animations/cast/south-east/frame_000.png
07-19 20:47:11.961 15075 15099 V python  : extracting arch_rogue/assets/sprites/actors/acolyte/animations/cast/south-east/frame_001.png
07-19 20:47:11.961 15075 15099 V python  : extracting arch_rogue/assets/sprites/actors/acolyte/animations/cast/south-east/frame_002.png
07-19 20:47:11.961 15075 15099 V python  : extracting arch_rogue/assets/sprites/actors/acolyte/animations/cast/south-east/frame_003.png
07-19 20:47:11.962 15075 15099 V python  : extracting arch_rogue/assets/sprites/actors/acolyte/animations/cast/south-east/frame_004.png
07-19 20:47:11.962 15075 15099 V python  : extracting arch_rogue/assets/sprites/actors/acolyte/animations/cast/south-east/frame_005.png
07-19 20:47:11.963 15075 15099 V python  : extracting arch_rogue/assets/sprites/actors/acolyte/animations/cast/south-east/frame_006.png
07-19 20:47:11.963 15075 15099 V python  : extracting arch_rogue/assets/sprites/actors/acolyte/animations/cast/south-west/
07-19 20:47:11.963 15075 15099 V python  : extracting arch_rogue/assets/sprites/actors/acolyte/animations/cast/south-west/frame_000.png
07-19 20:47:11.964 15075 15099 V python  : extracting arch_rogue/assets/sprites/actors/acolyte/animations/cast/south-west/frame_001.png
07-19 20:47:11.964 15075 15099 V python  : extracting arch_rogue/assets/sprites/actors/acolyte/animations/cast/south-west/frame_002.png
07-19 20:47:11.965 15075 15099 V python  : extracting arch_rogue/assets/sprites/actors/acolyte/animations/cast/south-west/frame_003.png
07-19 20:47:11.965 15075 15099 V python  : extracting arch_rogue/assets/sprites/actors/acolyte/animations/cast/south-west/frame_004.png
07-19 20:47:11.965 15075 15099 V python  : extracting arch_rogue/assets/sprites/actors/acolyte/animations/cast/south-west/frame_005.png
07-19 20:47:11.966 15075 15099 V python  : extracting arch_rogue/assets/sprites/actors/acolyte/animations/cast/south-west/frame_006.png
07-19 20:47:11.966 15075 15099 V python  : extracting arch_rogue/assets/sprites/actors/acolyte/animations/cast/south/
07-19 20:47:11.966 15075 15099 V python  : extracting arch_rogue/assets/sprites/actors/acolyte/animations/cast/south/frame_000.png
07-19 20:47:11.967 15075 15099 V python  : extracting arch_rogue/assets/sprites/actors/acolyte/animations/cast/south/frame_001.png
07-19 20:47:11.967 15075 15099 V python  : extracting arch_rogue/assets/sprites/actors/acolyte/animations/cast/south/frame_002.png
07-19 20:47:11.968 15075 15099 V python  : extracting arch_rogue/assets/sprites/actors/acolyte/animations/cast/south/frame_003.png
07-19 20:47:11.968 15075 15099 V python  : extracting arch_rogue/assets/sprites/actors/acolyte/animations/cast/south/frame_004.png
07-19 20:47:11.968 15075 15099 V python  : extracting arch_rogue/assets/sprites/actors/acolyte/animations/cast/south/frame_005.png
07-19 20:47:11.969 15075 15099 V python  : extracting arch_rogue/assets/sprites/actors/acolyte/animations/cast/south/frame_006.png
07-19 20:47:11.969 15075 15099 V python  : extracting arch_rogue/assets/sprites/actors/acolyte/animations/cast/west/
07-19 20:47:11.969 15075 15099 V python  : extracting arch_rogue/assets/sprites/actors/acolyte/animations/cast/west/frame_000.png
07-19 20:47:11.970 15075 15099 V python  : extracting arch_rogue/assets/sprites/actors/acolyte/animations/cast/west/frame_001.png
07-19 20:47:11.970 15075 15099 V python  : extracting arch_rogue/assets/sprites/actors/acolyte/animations/cast/west/frame_002.png
07-19 20:47:11.970 15075 15099 V python  : extracting arch_rogue/assets/sprites/actors/acolyte/animations/cast/west/frame_003.png
07-19 20:47:11.971 15075 15099 V python  : extracting arch_rogue/assets/sprites/actors/acolyte/animations/cast/west/frame_004.png
07-19 20:47:11.971 15075 15099 V python  : extracting arch_rogue/assets/sprites/actors/acolyte/animations/cast/west/frame_005.png
07-19 20:47:11.971 15075 15099 V python  : extracting arch_rogue/assets/sprites/actors/acolyte/animations/cast/west/frame_006.png
07-19 20:47:11.972 15075 15099 V python  : extracting arch_rogue/assets/sprites/actors/acolyte/animations/idle/
07-19 20:47:11.972 15075 15099 V python  : extracting arch_rogue/assets/sprites/actors/acolyte/animations/idle/east/
07-19 20:47:11.972 15075 15099 V python  : extracting arch_rogue/assets/sprites/actors/acolyte/animations/idle/east/frame_000.png
07-19 20:47:11.973 15075 15099 V python  : extracting arch_rogue/assets/sprites/actors/acolyte/animations/idle/east/frame_001.png
07-19 20:47:11.973 15075 15099 V python  : extracting arch_rogue/assets/sprites/actors/acolyte/animations/idle/east/frame_002.png
07-19 20:47:11.973 15075 15099 V python  : extracting arch_rogue/assets/sprites/actors/acolyte/animations/idle/east/frame_003.png
07-19 20:47:11.974 15075 15099 V python  : extracting arch_rogue/assets/sprites/actors/acolyte/animations/idle/north-east/
07-19 20:47:11.974 15075 15099 V python  : extracting arch_rogue/assets/sprites/actors/acolyte/animations/idle/north-east/frame_000.png
07-19 20:47:11.974 15075 15099 V python  : extracting arch_rogue/assets/sprites/actors/acolyte/animations/idle/north-east/frame_001.png
07-19 20:47:11.975 15075 15099 V python  : extracting arch_rogue/assets/sprites/actors/acolyte/animations/idle/north-east/frame_002.png
--------- switch to events
07-19 20:47:11.975 15075 15075 I input_focus: window=ViewRootImpl focus=true for org.archrogue.archrogue/org.kivy.android.PythonActivity
--------- switch to main
07-19 20:47:11.975 15075 15099 V python  : extracting arch_rogue/assets/sprites/actors/acolyte/animations/idle/north-east/frame_003.png
07-19 20:47:11.976 15075 15075 V SDL     : onWindowFocusChanged(): true
07-19 20:47:11.976 15075 15099 V python  : extracting arch_rogue/assets/sprites/actors/acolyte/animations/idle/north-west/
07-19 20:47:11.976 15075 15099 V python  : extracting arch_rogue/assets/sprites/actors/acolyte/animations/idle/north-west/frame_000.png
07-19 20:47:11.976 15075 15099 V python  : extracting arch_rogue/assets/sprites/actors/acolyte/animations/idle/north-west/frame_001.png
07-19 20:47:11.977 15075 15099 V python  : extracting arch_rogue/assets/sprites/actors/acolyte/animations/idle/north-west/frame_002.png
07-19 20:47:11.977 15075 15099 V python  : extracting arch_rogue/assets/sprites/actors/acolyte/animations/idle/north-west/frame_003.png
07-19 20:47:11.978 15075 15099 V python  : extracting arch_rogue/assets/sprites/actors/acolyte/animations/idle/north/
07-19 20:47:11.978 15075 15099 V python  : extracting arch_rogue/assets/sprites/actors/acolyte/animations/idle/north/frame_000.png
--------- switch to system
07-19 20:47:11.978 15075 15075 D InsetsController: hide(ime())
--------- switch to main
07-19 20:47:11.978 15075 15099 V python  : extracting arch_rogue/assets/sprites/actors/acolyte/animations/idle/north/frame_001.png
07-19 20:47:11.979 15075 15099 V python  : extracting arch_rogue/assets/sprites/actors/acolyte/animations/idle/north/frame_002.png
07-19 20:47:11.979 15075 15099 V python  : extracting arch_rogue/assets/sprites/actors/acolyte/animations/idle/north/frame_003.png
07-19 20:47:11.980 15075 15099 V python  : extracting arch_rogue/assets/sprites/actors/acolyte/animations/idle/south-east/
07-19 20:47:11.980 15075 15099 V python  : extracting arch_rogue/assets/sprites/actors/acolyte/animations/idle/south-east/frame_000.png
--------- switch to system
07-19 20:47:11.980 15075 15075 I ImeTracker: org.archrogue.archrogue:51f20894: onCancelled at PHASE_CLIENT_ALREADY_HIDDEN
--------- switch to main
07-19 20:47:11.980 15075 15099 V python  : extracting arch_rogue/assets/sprites/actors/acolyte/animations/idle/south-east/frame_001.png
07-19 20:47:11.981 15075 15099 V python  : extracting arch_rogue/assets/sprites/actors/acolyte/animations/idle/south-east/frame_002.png
07-19 20:47:11.981 15075 15099 V python  : extracting arch_rogue/assets/sprites/actors/acolyte/animations/idle/south-east/frame_003.png
07-19 20:47:11.981 15075 15099 V python  : extracting arch_rogue/assets/sprites/actors/acolyte/animations/idle/south-west/
07-19 20:47:11.982 15075 15099 V python  : extracting arch_rogue/assets/sprites/actors/acolyte/animations/idle/south-west/frame_000.png
07-19 20:47:11.982 15075 15099 V python  : extracting arch_rogue/assets/sprites/actors/acolyte/animations/idle/south-west/frame_001.png
07-19 20:47:11.983 15075 15099 V python  : extracting arch_rogue/assets/sprites/actors/acolyte/animations/idle/south-west/frame_002.png
07-19 20:47:11.983 15075 15099 V python  : extracting arch_rogue/assets/sprites/actors/acolyte/animations/idle/south-west/frame_003.png
07-19 20:47:11.984 15075 15099 V python  : extracting arch_rogue/assets/sprites/actors/acolyte/animations/idle/south/
07-19 20:47:11.984 15075 15099 V python  : extracting arch_rogue/assets/sprites/actors/acolyte/animations/idle/south/frame_000.png
07-19 20:47:11.984 15075 15099 V python  : extracting arch_rogue/assets/sprites/actors/acolyte/animations/idle/south/frame_001.png
07-19 20:47:11.985 15075 15099 V python  : extracting arch_rogue/assets/sprites/actors/acolyte/animations/idle/south/frame_002.png
07-19 20:47:11.985 15075 15099 V python  : extracting arch_rogue/assets/sprites/actors/acolyte/animations/idle/south/frame_003.png
07-19 20:47:11.986 15075 15099 V python  : extracting arch_rogue/assets/sprites/actors/acolyte/animations/idle/west/
07-19 20:47:11.986 15075 15099 V python  : extracting arch_rogue/assets/sprites/actors/acolyte/animations/idle/west/frame_000.png
07-19 20:47:11.986 15075 15099 V python  : extracting arch_rogue/assets/sprites/actors/acolyte/animations/idle/west/frame_001.png
07-19 20:47:11.987 15075 15099 V python  : extracting arch_rogue/assets/sprites/actors/acolyte/animations/idle/west/frame_002.png
07-19 20:47:11.987 15075 15099 V python  : extracting arch_rogue/assets/sprites/actors/acolyte/animations/idle/west/frame_003.png
07-19 20:47:11.988 15075 15099 V python  : extracting arch_rogue/assets/sprites/actors/acolyte/animations/walk/
07-19 20:47:11.988 15075 15099 V python  : extracting arch_rogue/assets/sprites/actors/acolyte/animations/walk/east/
07-19 20:47:11.988 15075 15099 V python  : extracting arch_rogue/assets/sprites/actors/acolyte/animations/walk/east/frame_000.png
07-19 20:47:11.988 15075 15099 V python  : extracting arch_rogue/assets/sprites/actors/acolyte/animations/walk/east/frame_001.png
07-19 20:47:11.989 15075 15099 V python  : extracting arch_rogue/assets/sprites/actors/acolyte/animations/walk/east/frame_002.png
07-19 20:47:11.989 15075 15099 V python  : extracting arch_rogue/assets/sprites/actors/acolyte/animations/walk/east/frame_003.png
07-19 20:47:11.989 15075 15099 V python  : extracting arch_rogue/assets/sprites/actors/acolyte/animations/walk/east/frame_004.png
07-19 20:47:11.990 15075 15099 V python  : extracting arch_rogue/assets/sprites/actors/acolyte/animations/walk/east/frame_005.png
07-19 20:47:11.990 15075 15099 V python  : extracting arch_rogue/assets/sprites/actors/acolyte/animations/walk/north-east/
07-19 20:47:11.990 15075 15099 V python  : extracting arch_rogue/assets/sprites/actors/acolyte/animations/walk/north-east/frame_000.png
07-19 20:47:11.991 15075 15099 V python  : extracting arch_rogue/assets/sprites/actors/acolyte/animations/walk/north-east/frame_001.png
07-19 20:47:11.991 15075 15099 V python  : extracting arch_rogue/assets/sprites/actors/acolyte/animations/walk/north-east/frame_002.png
07-19 20:47:11.992 15075 15099 V python  : extracting arch_rogue/assets/sprites/actors/acolyte/animations/walk/north-east/frame_003.png
07-19 20:47:11.992 15075 15099 V python  : extracting arch_rogue/assets/sprites/actors/acolyte/animations/walk/north-east/frame_004.png
07-19 20:47:11.993 15075 15099 V python  : extracting arch_rogue/assets/sprites/actors/acolyte/animations/walk/north-east/frame_005.png
07-19 20:47:11.993 15075 15099 V python  : extracting arch_rogue/assets/sprites/actors/acolyte/animations/walk/north-west/
07-19 20:47:11.993 15075 15099 V python  : extracting arch_rogue/assets/sprites/actors/acolyte/animations/walk/north-west/frame_000.png
07-19 20:47:11.994 15075 15099 V python  : extracting arch_rogue/assets/sprites/actors/acolyte/animations/walk/north-west/frame_001.png
07-19 20:47:11.994 15075 15099 V python  : extracting arch_rogue/assets/sprites/actors/acolyte/animations/walk/north-west/frame_002.png
07-19 20:47:11.995 15075 15099 V python  : extracting arch_rogue/assets/sprites/actors/acolyte/animations/walk/north-west/frame_003.png
07-19 20:47:11.995 15075 15099 V python  : extracting arch_rogue/assets/sprites/actors/acolyte/animations/walk/north-west/frame_004.png
07-19 20:47:11.995 15075 15099 V python  : extracting arch_rogue/assets/sprites/actors/acolyte/animations/walk/north-west/frame_005.png
07-19 20:47:11.996 15075 15099 V python  : extracting arch_rogue/assets/sprites/actors/acolyte/animations/walk/north/
07-19 20:47:11.996 15075 15099 V python  : extracting arch_rogue/assets/sprites/actors/acolyte/animations/walk/north/frame_000.png
07-19 20:47:11.996 15075 15099 V python  : extracting arch_rogue/assets/sprites/actors/acolyte/animations/walk/north/frame_001.png
07-19 20:47:11.997 15075 15099 V python  : extracting arch_rogue/assets/sprites/actors/acolyte/animations/walk/north/frame_002.png
07-19 20:47:11.997 15075 15099 V python  : extracting arch_rogue/assets/sprites/actors/acolyte/animations/walk/north/frame_003.png
07-19 20:47:11.998 15075 15099 V python  : extracting arch_rogue/assets/sprites/actors/acolyte/animations/walk/north/frame_004.png
07-19 20:47:11.998 15075 15099 V python  : extracting arch_rogue/assets/sprites/actors/acolyte/animations/walk/north/frame_005.png
07-19 20:47:11.998 15075 15099 V python  : extracting arch_rogue/assets/sprites/actors/acolyte/animations/walk/south-east/
07-19 20:47:11.999 15075 15099 V python  : extracting arch_rogue/assets/sprites/actors/acolyte/animations/walk/south-east/frame_000.png
07-19 20:47:11.999 15075 15099 V python  : extracting arch_rogue/assets/sprites/actors/acolyte/animations/walk/south-east/frame_001.png
07-19 20:47:12.000 15075 15099 V python  : extracting arch_rogue/assets/sprites/actors/acolyte/animations/walk/south-east/frame_002.png
07-19 20:47:12.000 15075 15099 V python  : extracting arch_rogue/assets/sprites/actors/acolyte/animations/walk/south-east/frame_003.png
07-19 20:47:12.000 15075 15099 V python  : extracting arch_rogue/assets/sprites/actors/acolyte/animations/walk/south-east/frame_004.png
07-19 20:47:12.001 15075 15099 V python  : extracting arch_rogue/assets/sprites/actors/acolyte/animations/walk/south-east/frame_005.png
07-19 20:47:12.001 15075 15099 V python  : extracting arch_rogue/assets/sprites/actors/acolyte/animations/walk/south-west/
07-19 20:47:12.002 15075 15099 V python  : extracting arch_rogue/assets/sprites/actors/acolyte/animations/walk/south-west/frame_000.png
07-19 20:47:12.002 15075 15099 V python  : extracting arch_rogue/assets/sprites/actors/acolyte/animations/walk/south-west/frame_001.png
07-19 20:47:12.003 15075 15099 V python  : extracting arch_rogue/assets/sprites/actors/acolyte/animations/walk/south-west/frame_002.png
07-19 20:47:12.003 15075 15099 V python  : extracting arch_rogue/assets/sprites/actors/acolyte/animations/walk/south-west/frame_003.png
07-19 20:47:12.004 15075 15099 V python  : extracting arch_rogue/assets/sprites/actors/acolyte/animations/walk/south-west/frame_004.png
07-19 20:47:12.004 15075 15099 V python  : extracting arch_rogue/assets/sprites/actors/acolyte/animations/walk/south-west/frame_005.png
07-19 20:47:12.005 15075 15099 V python  : extracting arch_rogue/assets/sprites/actors/acolyte/animations/walk/south/
07-19 20:47:12.005 15075 15099 V python  : extracting arch_rogue/assets/sprites/actors/acolyte/animations/walk/south/frame_000.png
07-19 20:47:12.005 15075 15099 V python  : extracting arch_rogue/assets/sprites/actors/acolyte/animations/walk/south/frame_001.png
07-19 20:47:12.006 15075 15099 V python  : extracting arch_rogue/assets/sprites/actors/acolyte/animations/walk/south/frame_002.png
07-19 20:47:12.006 15075 15099 V python  : extracting arch_rogue/assets/sprites/actors/acolyte/animations/walk/south/frame_003.png
07-19 20:47:12.007 15075 15099 V python  : extracting arch_rogue/assets/sprites/actors/acolyte/animations/walk/south/frame_004.png
07-19 20:47:12.007 15075 15099 V python  : extracting arch_rogue/assets/sprites/actors/acolyte/animations/walk/south/frame_005.png
07-19 20:47:12.008 15075 15099 V python  : extracting arch_rogue/assets/sprites/actors/acolyte/animations/walk/west/
07-19 20:47:12.008 15075 15099 V python  : extracting arch_rogue/assets/sprites/actors/acolyte/animations/walk/west/frame_000.png
07-19 20:47:12.008 15075 15099 V python  : extracting arch_rogue/assets/sprites/actors/acolyte/animations/walk/west/frame_001.png
07-19 20:47:12.009 15075 15099 V python  : extracting arch_rogue/assets/sprites/actors/acolyte/animations/walk/west/frame_002.png
07-19 20:47:12.009 15075 15099 V python  : extracting arch_rogue/assets/sprites/actors/acolyte/animations/walk/west/frame_003.png
07-19 20:47:12.010 15075 15099 V python  : extracting arch_rogue/assets/sprites/actors/acolyte/animations/walk/west/frame_004.png
07-19 20:47:12.010 15075 15099 V python  : extracting arch_rogue/assets/sprites/actors/acolyte/animations/walk/west/frame_005.png
07-19 20:47:12.010 15075 15099 V python  : extracting arch_rogue/assets/sprites/actors/acolyte/
07-19 20:47:12.010 15075 15099 V python  : extracting arch_rogue/assets/sprites/actors/acolyte/rotations/
07-19 20:47:12.011 15075 15099 V python  : extracting arch_rogue/assets/sprites/actors/acolyte/rotations/east.png
07-19 20:47:12.011 15075 15099 V python  : extracting arch_rogue/assets/sprites/actors/acolyte/rotations/north-east.png
07-19 20:47:12.011 15075 15099 V python  : extracting arch_rogue/assets/sprites/actors/acolyte/rotations/north-west.png
07-19 20:47:12.012 15075 15099 V python  : extracting arch_rogue/assets/sprites/actors/acolyte/rotations/north.png
07-19 20:47:12.012 15075 15099 V python  : extracting arch_rogue/assets/sprites/actors/acolyte/rotations/south-east.png
07-19 20:47:12.013 15075 15099 V python  : extracting arch_rogue/assets/sprites/actors/acolyte/rotations/south-west.png
07-19 20:47:12.013 15075 15099 V python  : extracting arch_rogue/assets/sprites/actors/acolyte/rotations/south.png
07-19 20:47:12.014 15075 15099 V python  : extracting arch_rogue/assets/sprites/actors/acolyte/rotations/west.png
07-19 20:47:12.014 15075 15099 V python  : extracting arch_rogue/assets/sprites/actors/arcanist/animations/act/
07-19 20:47:12.014 15075 15099 V python  : extracting arch_rogue/assets/sprites/actors/arcanist/animations/act/south/
07-19 20:47:12.014 15075 15099 V python  : extracting arch_rogue/assets/sprites/actors/arcanist/animations/act/south/frame_000.png
07-19 20:47:12.015 15075 15099 V python  : extracting arch_rogue/assets/sprites/actors/arcanist/animations/act/south/frame_001.png
07-19 20:47:12.015 15075 15099 V python  : extracting arch_rogue/assets/sprites/actors/arcanist/animations/act/south/frame_002.png
07-19 20:47:12.016 15075 15099 V python  : extracting arch_rogue/assets/sprites/actors/arcanist/animations/act/south/frame_003.png
07-19 20:47:12.016 15075 15099 V python  : extracting arch_rogue/assets/sprites/actors/arcanist/animations/act/south/frame_004.png
07-19 20:47:12.017 15075 15099 V python  : extracting arch_rogue/assets/sprites/actors/arcanist/animations/act/south/frame_005.png
07-19 20:47:12.017 15075 15099 V python  : extracting arch_rogue/assets/sprites/actors/arcanist/animations/act/south/frame_006.png
07-19 20:47:12.017 15075 15099 V python  : extracting arch_rogue/assets/sprites/actors/arcanist/animations/act/south/frame_007.png
07-19 20:47:12.018 15075 15099 V python  : extracting arch_rogue/assets/sprites/actors/arcanist/animations/attack/
07-19 20:47:12.018 15075 15099 V python  : extracting arch_rogue/assets/sprites/actors/arcanist/animations/attack/east/
07-19 20:47:12.018 15075 15099 V python  : extracting arch_rogue/assets/sprites/actors/arcanist/animations/attack/east/frame_000.png
07-19 20:47:12.018 15075 15099 V python  : extracting arch_rogue/assets/sprites/actors/arcanist/animations/attack/east/frame_001.png
07-19 20:47:12.019 15075 15099 V python  : extracting arch_rogue/assets/sprites/actors/arcanist/animations/attack/east/frame_002.png
07-19 20:47:12.019 15075 15099 V python  : extracting arch_rogue/assets/sprites/actors/arcanist/animations/attack/east/frame_003.png
07-19 20:47:12.019 15075 15099 V python  : extracting arch_rogue/assets/sprites/actors/arcanist/animations/attack/east/frame_004.png
07-19 20:47:12.020 15075 15099 V python  : extracting arch_rogue/assets/sprites/actors/arcanist/animations/attack/east/frame_005.png
07-19 20:47:12.020 15075 15099 V python  : extracting arch_rogue/assets/sprites/actors/arcanist/animations/attack/east/frame_006.png
07-19 20:47:12.020 15075 15099 V python  : extracting arch_rogue/assets/sprites/actors/arcanist/animations/attack/north-east/
07-19 20:47:12.021 15075 15099 V python  : extracting arch_rogue/assets/sprites/actors/arcanist/animations/attack/north-east/frame_000.png
07-19 20:47:12.021 15075 15099 V python  : extracting arch_rogue/assets/sprites/actors/arcanist/animations/attack/north-east/frame_001.png
07-19 20:47:12.021 15075 15099 V python  : extracting arch_rogue/assets/sprites/actors/arcanist/animations/attack/north-east/frame_002.png
07-19 20:47:12.021 15075 15099 V python  : extracting arch_rogue/assets/sprites/actors/arcanist/animations/attack/north-east/frame_003.png
07-19 20:47:12.022 15075 15099 V python  : extracting arch_rogue/assets/sprites/actors/arcanist/animations/attack/north-east/frame_004.png
07-19 20:47:12.022 15075 15099 V python  : extracting arch_rogue/assets/sprites/actors/arcanist/animations/attack/north-east/frame_005.png
07-19 20:47:12.022 15075 15099 V python  : extracting arch_rogue/assets/sprites/actors/arcanist/animations/attack/north-east/frame_006.png
07-19 20:47:12.023 15075 15099 V python  : extracting arch_rogue/assets/sprites/actors/arcanist/animations/attack/north-west/
07-19 20:47:12.023 15075 15099 V python  : extracting arch_rogue/assets/sprites/actors/arcanist/animations/attack/north-west/frame_000.png
07-19 20:47:12.023 15075 15099 V python  : extracting arch_rogue/assets/sprites/actors/arcanist/animations/attack/north-west/frame_001.png
07-19 20:47:12.024 15075 15099 V python  : extracting arch_rogue/assets/sprites/actors/arcanist/animations/attack/north-west/frame_002.png
07-19 20:47:12.024 15075 15099 V python  : extracting arch_rogue/assets/sprites/actors/arcanist/animations/attack/north-west/frame_003.png
07-19 20:47:12.024 15075 15099 V python  : extracting arch_rogue/assets/sprites/actors/arcanist/animations/attack/north-west/frame_004.png
07-19 20:47:12.024 15075 15099 V python  : extracting arch_rogue/assets/sprites/actors/arcanist/animations/attack/north-west/frame_005.png
07-19 20:47:12.025 15075 15099 V python  : extracting arch_rogue/assets/sprites/actors/arcanist/animations/attack/north-west/frame_006.png
07-19 20:47:12.025 15075 15099 V python  : extracting arch_rogue/assets/sprites/actors/arcanist/animations/attack/north/
07-19 20:47:12.025 15075 15099 V python  : extracting arch_rogue/assets/sprites/actors/arcanist/animations/attack/north/frame_000.png
07-19 20:47:12.026 15075 15099 V python  : extracting arch_rogue/assets/sprites/actors/arcanist/animations/attack/north/frame_001.png
07-19 20:47:12.026 15075 15099 V python  : extracting arch_rogue/assets/sprites/actors/arcanist/animations/attack/north/frame_002.png
07-19 20:47:12.026 15075 15099 V python  : extracting arch_rogue/assets/sprites/actors/arcanist/animations/attack/north/frame_003.png
07-19 20:47:12.026 15075 15099 V python  : extracting arch_rogue/assets/sprites/actors/arcanist/animations/attack/north/frame_004.png
07-19 20:47:12.027 15075 15099 V python  : extracting arch_rogue/assets/sprites/actors/arcanist/animations/attack/north/frame_005.png
07-19 20:47:12.027 15075 15099 V python  : extracting arch_rogue/assets/sprites/actors/arcanist/animations/attack/north/frame_006.png
07-19 20:47:12.027 15075 15099 V python  : extracting arch_rogue/assets/sprites/actors/arcanist/animations/attack/north/frame_007.png
07-19 20:47:12.028 15075 15099 V python  : extracting arch_rogue/assets/sprites/actors/arcanist/animations/attack/north/frame_008.png
07-19 20:47:12.028 15075 15099 V python  : extracting arch_rogue/assets/sprites/actors/arcanist/animations/attack/south-east/
07-19 20:47:12.028 15075 15099 V python  : extracting arch_rogue/assets/sprites/actors/arcanist/animations/attack/south-east/frame_000.png
07-19 20:47:12.029 15075 15099 V python  : extracting arch_rogue/assets/sprites/actors/arcanist/animations/attack/south-east/frame_001.png
07-19 20:47:12.029 15075 15099 V python  : extracting arch_rogue/assets/sprites/actors/arcanist/animations/attack/south-east/frame_002.png
07-19 20:47:12.029 15075 15099 V python  : extracting arch_rogue/assets/sprites/actors/arcanist/animations/attack/south-east/frame_003.png
07-19 20:47:12.030 15075 15099 V python  : extracting arch_rogue/assets/sprites/actors/arcanist/animations/attack/south-east/frame_004.png
07-19 20:47:12.030 15075 15099 V python  : extracting arch_rogue/assets/sprites/actors/arcanist/animations/attack/south-east/frame_005.png
07-19 20:47:12.030 15075 15099 V python  : extracting arch_rogue/assets/sprites/actors/arcanist/animations/attack/south-east/frame_006.png
