type: logcat
osVersion: google/tegu/tegu:17/CP2A.260705.006/2026071501:user/release-keys
flags: dev options enabled
package: org.archrogue.archrogue:102840304, targetSdk 34
buffers: main,system,crash,events,kernel
level: verbose

--------- beginning of main
07-19 20:17:41.019 13531 13531 I libc    : SetHeapTaggingLevel: tag level set to 0
07-19 20:17:41.023 13531 13531 I Zygote  : Process 13531 created for org.archrogue.archrogue
07-19 20:17:41.023 13531 13531 I rogue.archrogue: Late-enabling -Xcheck:jni
07-19 20:17:41.028 13531 13531 I rogue.archrogue: Using generational CollectorTypeCMC GC.
07-19 20:17:41.035 13531 13531 D nativeloader: Load libframework-connectivity-tiramisu-jni.so using APEX ns com_android_tethering for caller /apex/com.android.tethering/javalib/framework-connectivity-t.jar: ok
07-19 20:17:41.081 13531 13531 E FeatureFlagsImplExport: android.os.flagging.AconfigStorageReadException: ERROR_PACKAGE_NOT_FOUND: package android.xr cannot be found on the device
07-19 20:17:41.091 13531 13531 D DynCodeLoading: AppBindFlags: 0
07-19 20:17:41.091 13531 13531 D CompatChangeReporter: Compat change id reported: 242716250; UID 10261; state: ENABLED
07-19 20:17:41.091 13531 13531 I Typeface: Preloading /system/fonts/Roboto-Regular.ttf
07-19 20:17:41.091 13531 13531 I Typeface: Preloading /system/fonts/RobotoStatic-Regular.ttf
07-19 20:17:41.156 13531 13531 I SystemFonts: Loading font config from /system/etc/fonts.xml
07-19 20:17:41.159 13531 13531 D CompatChangeReporter: Compat change id reported: 247079863; UID 10261; state: ENABLED
07-19 20:17:41.315 13531 13531 D AssetManager: reusing systemIdmapPaths
07-19 20:17:41.327 13531 13531 D nativeloader: InitApexLibraries:
07-19 20:17:41.327 13531 13531 D nativeloader:   com_android_art: libnativehelper.so
07-19 20:17:41.327 13531 13531 D nativeloader:   com_android_i18n: libicui18n.so:libicuuc.so:libicu.so
07-19 20:17:41.327 13531 13531 D nativeloader:   com_android_neuralnetworks: libneuralnetworks.so
07-19 20:17:41.327 13531 13531 D nativeloader: InitDefaultPublicLibraries for_preload=0: libandroid.so:libaaudio.so:libamidi.so:libbinder_ndk.so:libc.so:libcamera2ndk.so:libclang_rt.hwasan-aarch64-android.so:libdl.so:libEGL.so:libGLESv1_CM.so:libGLESv2.so:libGLESv3.so:libjnigraphics.so:liblog.so:libmediandk.so:libm.so:libnativewindow.so:libOpenMAXAL.so:libOpenSLES.so:libRS.so:libstdc++.so:libsync.so:libvulkan.so:libwebviewchromium_plat_support.so:libz.so
07-19 20:17:41.327 13531 13531 D nativeloader: Configuring clns-1 for other apk /data/app/~~guBIlhLv8bmHLbazy2wSAA==/org.archrogue.archrogue-oJMxM6OVjBmKJTAJNxzXVw==/base.apk. target_sdk_version=34, uses_libraries=, library_path=/data/app/~~guBIlhLv8bmHLbazy2wSAA==/org.archrogue.archrogue-oJMxM6OVjBmKJTAJNxzXVw==/lib/arm64:/data/app/~~guBIlhLv8bmHLbazy2wSAA==/org.archrogue.archrogue-oJMxM6OVjBmKJTAJNxzXVw==/base.apk!/lib/arm64-v8a, permitted_path=/data:/mnt/expand:/data/user/0/org.archrogue.archrogue
07-19 20:17:41.327 13531 13531 D nativeloader: InitExtendedPublicLibraries: 
07-19 20:17:41.328 13531 13531 D nativeloader: InitApexLibraries:
07-19 20:17:41.328 13531 13531 D nativeloader:   
07-19 20:17:41.328 13531 13531 D nativeloader: InitVendorPublicLibraries: libOpenCL.so:libOpenCL-pixel.so:libedgetpu_client.google.so:libedgetpu_util.so:lib_aion_buffer.so:lib_jpg_encoder.so:libgxp.so:libedgetpu_tachyon.google.so:libedgetpu_litert.so
07-19 20:17:41.328 13531 13531 D nativeloader: InitProductPublicLibraries: 
07-19 20:17:41.331 13531 13531 D nativeloader: Load libframework-connectivity-jni.so using APEX ns com_android_tethering for caller /apex/com.android.tethering/javalib/framework-connectivity.jar: ok
07-19 20:17:41.333 13531 13531 V GraphicsEnvironment: Currently set values for:
07-19 20:17:41.333 13531 13531 V GraphicsEnvironment:   angle_gl_driver_selection_pkgs=[com.android.angle, com.google.android.apps.tachyon]
07-19 20:17:41.333 13531 13531 V GraphicsEnvironment:   angle_gl_driver_selection_values=[angle, native]
07-19 20:17:41.333 13531 13531 V GraphicsEnvironment: org.archrogue.archrogue is not listed in per-application setting
07-19 20:17:41.333 13531 13531 V GraphicsEnvironment: No special selections for ANGLE, returning default driver choice
07-19 20:17:41.334 13531 13531 V GraphicsEnvironment: Neither updatable production driver nor prerelease driver is supported.
--------- beginning of system
07-19 20:17:41.345 13531 13552 I DisplayManager: Choreographer implicitly registered for the refresh rate.
--------- switch to main
07-19 20:17:41.362 13531 13531 D DesktopExperienceFlags: Toggle override initialized to: false
07-19 20:17:41.380 13531 13531 V PythonActivity: PythonActivity onCreate running
07-19 20:17:41.380 13531 13531 V PythonActivity: About to do super onCreate
07-19 20:17:41.380 13531 13531 V SDL     : Device: tegu
07-19 20:17:41.380 13531 13531 V SDL     : Model: Pixel 9a
07-19 20:17:41.380 13531 13531 V SDL     : onCreate()
07-19 20:17:41.380 13531 13531 V PythonActivity: Did super onCreate
07-19 20:17:41.380 13531 13531 V SDL     : getting identifier
07-19 20:17:41.380 13531 13531 V SDL     : kind is layout and name lottie
07-19 20:17:41.380 13531 13531 V SDL     : result is 0
07-19 20:17:41.380 13531 13531 E rogue.archrogue: Invalid resource ID 0x00000000.
07-19 20:17:41.380 13531 13531 V SDL     : couldn't find lottie layout or animation, trying static splash
07-19 20:17:41.380 13531 13531 V SDL     : getting identifier
07-19 20:17:41.380 13531 13531 V SDL     : kind is drawable and name presplash
07-19 20:17:41.380 13531 13531 V SDL     : result is 2130771969
07-19 20:17:41.385 13531 13531 V SDL     : asked to get string presplash_color
07-19 20:17:41.385 13531 13531 V SDL     : getting identifier
07-19 20:17:41.385 13531 13531 V SDL     : kind is string and name presplash_color
07-19 20:17:41.385 13531 13531 V SDL     : result is 2131034113
--------- beginning of events
07-19 20:17:41.392 13531 13531 I wm_on_create_called: [Token=75887518,Component Name=org.kivy.android.PythonActivity,Reason=performCreate,time=12ms]
--------- switch to main
07-19 20:17:41.392 13531 13531 V SDL     : onStart()
--------- switch to events
07-19 20:17:41.392 13531 13531 I wm_on_start_called: [Token=75887518,Component Name=org.kivy.android.PythonActivity,Reason=handleStartActivity,time=0ms]
--------- switch to main
07-19 20:17:41.392 13531 13560 V PythonActivity: Ready to unpack
07-19 20:17:41.393 13531 13531 V PythonActivity: onResume()
07-19 20:17:41.393 13531 13531 V SDL     : onResume()
07-19 20:17:41.393 13531 13560 V pythonutil: Unpacking private app
07-19 20:17:41.393 13531 13560 V pythonutil: Data version is 5142f92c5daa9767ef5af28a9479ec8821333211
07-19 20:17:41.393 13531 13560 V pythonutil: Extracting private assets.
07-19 20:17:41.395 13531 13560 V python  : extracting arch_rogue/
07-19 20:17:41.395 13531 13560 V python  : extracting arch_rogue/__init__.pyc
--------- switch to events
07-19 20:17:41.396 13531 13531 I wm_on_resume_called: [Token=75887518,Component Name=org.kivy.android.PythonActivity,Reason=RESUME_ACTIVITY,time=3ms]
--------- switch to main
07-19 20:17:41.396 13531 13560 V python  : extracting arch_rogue/__main__.pyc
07-19 20:17:41.396 13531 13560 V python  : extracting arch_rogue/assets/
07-19 20:17:41.396 13531 13560 V python  : extracting arch_rogue/assets/__init__.pyc
07-19 20:17:41.397 13531 13560 V python  : extracting arch_rogue/assets/icons/
07-19 20:17:41.397 13531 13560 V python  : extracting arch_rogue/assets/icons/icon_128.png
07-19 20:17:41.397 13531 13560 V python  : extracting arch_rogue/assets/icons/icon_16.png
07-19 20:17:41.398 13531 13560 V python  : extracting arch_rogue/assets/icons/icon_256.png
07-19 20:17:41.398 13531 13560 V python  : extracting arch_rogue/assets/icons/icon_32.png
07-19 20:17:41.399 13531 13560 V python  : extracting arch_rogue/assets/icons/icon_512.png
07-19 20:17:41.399 13531 13560 V python  : extracting arch_rogue/assets/icons/icon_64.png
07-19 20:17:41.400 13531 13560 V python  : extracting arch_rogue/assets/quest_cutscenes.json
07-19 20:17:41.400 13531 13560 V python  : extracting arch_rogue/assets/sprites/actors/acolyte/animations/act/
07-19 20:17:41.401 13531 13560 V python  : extracting arch_rogue/assets/sprites/actors/acolyte/animations/act/south/
07-19 20:17:41.401 13531 13560 V python  : extracting arch_rogue/assets/sprites/actors/acolyte/animations/act/south/frame_000.png
07-19 20:17:41.402 13531 13531 W libc    : Access denied finding property "ro.debuggable"
07-19 20:17:41.402 13531 13560 V python  : extracting arch_rogue/assets/sprites/actors/acolyte/animations/act/south/frame_001.png
07-19 20:17:41.403 13531 13560 V python  : extracting arch_rogue/assets/sprites/actors/acolyte/animations/act/south/frame_002.png
07-19 20:17:41.404 13531 13560 V python  : extracting arch_rogue/assets/sprites/actors/acolyte/animations/act/south/frame_003.png
07-19 20:17:41.404 13531 13560 V python  : extracting arch_rogue/assets/sprites/actors/acolyte/animations/act/south/frame_004.png
07-19 20:17:41.405 13531 13560 V python  : extracting arch_rogue/assets/sprites/actors/acolyte/animations/act/south/frame_005.png
--------- switch to system
07-19 20:17:41.406 13531 13531 D InsetsController: Setting requestedVisibleTypes to 498 (was 503)
--------- switch to main
07-19 20:17:41.406 13531 13560 V python  : extracting arch_rogue/assets/sprites/actors/acolyte/animations/act/south/frame_006.png
07-19 20:17:41.407 13531 13560 V python  : extracting arch_rogue/assets/sprites/actors/acolyte/animations/act/south/frame_007.png
07-19 20:17:41.408 13531 13560 V python  : extracting arch_rogue/assets/sprites/actors/acolyte/animations/attack/
07-19 20:17:41.409 13531 13560 V python  : extracting arch_rogue/assets/sprites/actors/acolyte/animations/attack/east/
07-19 20:17:41.409 13531 13560 V python  : extracting arch_rogue/assets/sprites/actors/acolyte/animations/attack/east/frame_000.png
07-19 20:17:41.410 13531 13560 V python  : extracting arch_rogue/assets/sprites/actors/acolyte/animations/attack/east/frame_001.png
07-19 20:17:41.410 13531 13560 V python  : extracting arch_rogue/assets/sprites/actors/acolyte/animations/attack/east/frame_002.png
--------- switch to events
07-19 20:17:41.411 13531 13531 I wm_on_top_resumed_gained_called: [Token=75887518,Component Name=org.kivy.android.PythonActivity,Reason=topStateChangedWhenResumed]
--------- switch to main
07-19 20:17:41.411 13531 13560 V python  : extracting arch_rogue/assets/sprites/actors/acolyte/animations/attack/east/frame_003.png
07-19 20:17:41.411 13531 13560 V python  : extracting arch_rogue/assets/sprites/actors/acolyte/animations/attack/east/frame_004.png
07-19 20:17:41.412 13531 13560 V python  : extracting arch_rogue/assets/sprites/actors/acolyte/animations/attack/east/frame_005.png
07-19 20:17:41.413 13531 13560 V python  : extracting arch_rogue/assets/sprites/actors/acolyte/animations/attack/east/frame_006.png
07-19 20:17:41.414 13531 13560 V python  : extracting arch_rogue/assets/sprites/actors/acolyte/animations/attack/north-east/
07-19 20:17:41.414 13531 13560 V python  : extracting arch_rogue/assets/sprites/actors/acolyte/animations/attack/north-east/frame_000.png
07-19 20:17:41.414 13531 13531 D VRI[PythonActivity]: WindowInsets changed: 2424x1080 statusBars:[0,63,0,0] navigationBars:[0,0,0,63] mandatorySystemGestures:[0,63,0,84] 
07-19 20:17:41.415 13531 13560 V python  : extracting arch_rogue/assets/sprites/actors/acolyte/animations/attack/north-east/frame_001.png
07-19 20:17:41.415 13531 13531 D WindowOnBackDispatcher: setTopOnBackInvokedCallback (unwrapped): android.view.ViewRootImpl$$ExternalSyntheticLambda14@bf938f4
07-19 20:17:41.415 13531 13560 V python  : extracting arch_rogue/assets/sprites/actors/acolyte/animations/attack/north-east/frame_002.png
07-19 20:17:41.416 13531 13560 V python  : extracting arch_rogue/assets/sprites/actors/acolyte/animations/attack/north-east/frame_003.png
07-19 20:17:41.416 13531 13560 V python  : extracting arch_rogue/assets/sprites/actors/acolyte/animations/attack/north-east/frame_004.png
07-19 20:17:41.417 13531 13560 V python  : extracting arch_rogue/assets/sprites/actors/acolyte/animations/attack/north-east/frame_005.png
07-19 20:17:41.418 13531 13560 V python  : extracting arch_rogue/assets/sprites/actors/acolyte/animations/attack/north-east/frame_006.png
07-19 20:17:41.420 13531 13560 V python  : extracting arch_rogue/assets/sprites/actors/acolyte/animations/attack/north-west/
07-19 20:17:41.421 13531 13531 I Surface : Creating surface for consumer unnamed-13531-0 with slotExpansion=1 for 64 slots
07-19 20:17:41.421 13531 13560 V python  : extracting arch_rogue/assets/sprites/actors/acolyte/animations/attack/north-west/frame_000.png
07-19 20:17:41.421 13531 13531 I Surface : Creating surface for consumer VRI[PythonActivity]#0(BLAST Consumer)0 with slotExpansion=1 for 64 slots
--------- switch to events
07-19 20:17:41.421 13531 13531 I viewroot_draw_event: [window=VRI[PythonActivity]77eb28c,event=applyTransactionOnDraw applyImmediately]
--------- switch to main
07-19 20:17:41.422 13531 13531 D nativeloader: Load libstats_jni.so using APEX ns com_android_os_statsd for caller /apex/com.android.os.statsd/javalib/framework-statsd.jar: ok
07-19 20:17:41.422 13531 13531 D VRI[PythonActivity]: WindowInsets changed: statusBars:null 
07-19 20:17:41.423 13531 13560 V python  : extracting arch_rogue/assets/sprites/actors/acolyte/animations/attack/north-west/frame_001.png
07-19 20:17:41.426 13531 13560 V python  : extracting arch_rogue/assets/sprites/actors/acolyte/animations/attack/north-west/frame_002.png
07-19 20:17:41.427 13531 13560 V python  : extracting arch_rogue/assets/sprites/actors/acolyte/animations/attack/north-west/frame_003.png
07-19 20:17:41.427 13531 13560 V python  : extracting arch_rogue/assets/sprites/actors/acolyte/animations/attack/north-west/frame_004.png
07-19 20:17:41.428 13531 13560 V python  : extracting arch_rogue/assets/sprites/actors/acolyte/animations/attack/north-west/frame_005.png
07-19 20:17:41.429 13531 13560 V python  : extracting arch_rogue/assets/sprites/actors/acolyte/animations/attack/north-west/frame_006.png
07-19 20:17:41.429 13531 13560 V python  : extracting arch_rogue/assets/sprites/actors/acolyte/animations/attack/north/
07-19 20:17:41.430 13531 13560 V python  : extracting arch_rogue/assets/sprites/actors/acolyte/animations/attack/north/frame_000.png
07-19 20:17:41.431 13531 13560 V python  : extracting arch_rogue/assets/sprites/actors/acolyte/animations/attack/north/frame_001.png
07-19 20:17:41.431 13531 13560 V python  : extracting arch_rogue/assets/sprites/actors/acolyte/animations/attack/north/frame_002.png
07-19 20:17:41.432 13531 13560 V python  : extracting arch_rogue/assets/sprites/actors/acolyte/animations/attack/north/frame_003.png
07-19 20:17:41.433 13531 13560 V python  : extracting arch_rogue/assets/sprites/actors/acolyte/animations/attack/north/frame_004.png
07-19 20:17:41.435 13531 13560 V python  : extracting arch_rogue/assets/sprites/actors/acolyte/animations/attack/north/frame_005.png
07-19 20:17:41.435 13531 13560 V python  : extracting arch_rogue/assets/sprites/actors/acolyte/animations/attack/north/frame_006.png
07-19 20:17:41.436 13531 13560 V python  : extracting arch_rogue/assets/sprites/actors/acolyte/animations/attack/south-east/
07-19 20:17:41.436 13531 13560 V python  : extracting arch_rogue/assets/sprites/actors/acolyte/animations/attack/south-east/frame_000.png
07-19 20:17:41.437 13531 13560 V python  : extracting arch_rogue/assets/sprites/actors/acolyte/animations/attack/south-east/frame_001.png
07-19 20:17:41.438 13531 13560 V python  : extracting arch_rogue/assets/sprites/actors/acolyte/animations/attack/south-east/frame_002.png
07-19 20:17:41.438 13531 13560 V python  : extracting arch_rogue/assets/sprites/actors/acolyte/animations/attack/south-east/frame_003.png
07-19 20:17:41.439 13531 13560 V python  : extracting arch_rogue/assets/sprites/actors/acolyte/animations/attack/south-east/frame_004.png
07-19 20:17:41.439 13531 13560 V python  : extracting arch_rogue/assets/sprites/actors/acolyte/animations/attack/south-east/frame_005.png
07-19 20:17:41.442 13531 13560 V python  : extracting arch_rogue/assets/sprites/actors/acolyte/animations/attack/south-east/frame_006.png
07-19 20:17:41.443 13531 13560 V python  : extracting arch_rogue/assets/sprites/actors/acolyte/animations/attack/south-west/
07-19 20:17:41.443 13531 13560 V python  : extracting arch_rogue/assets/sprites/actors/acolyte/animations/attack/south-west/frame_000.png
07-19 20:17:41.444 13531 13560 V python  : extracting arch_rogue/assets/sprites/actors/acolyte/animations/attack/south-west/frame_001.png
07-19 20:17:41.444 13531 13560 V python  : extracting arch_rogue/assets/sprites/actors/acolyte/animations/attack/south-west/frame_002.png
07-19 20:17:41.444 13531 13560 V python  : extracting arch_rogue/assets/sprites/actors/acolyte/animations/attack/south-west/frame_003.png
07-19 20:17:41.445 13531 13560 V python  : extracting arch_rogue/assets/sprites/actors/acolyte/animations/attack/south-west/frame_004.png
07-19 20:17:41.450 13531 13560 V python  : extracting arch_rogue/assets/sprites/actors/acolyte/animations/attack/south-west/frame_005.png
07-19 20:17:41.452 13531 13560 V python  : extracting arch_rogue/assets/sprites/actors/acolyte/animations/attack/south-west/frame_006.png
07-19 20:17:41.453 13531 13560 V python  : extracting arch_rogue/assets/sprites/actors/acolyte/animations/attack/south/
07-19 20:17:41.454 13531 13560 V python  : extracting arch_rogue/assets/sprites/actors/acolyte/animations/attack/south/frame_000.png
07-19 20:17:41.459 13531 13560 V python  : extracting arch_rogue/assets/sprites/actors/acolyte/animations/attack/south/frame_001.png
07-19 20:17:41.460 13531 13560 V python  : extracting arch_rogue/assets/sprites/actors/acolyte/animations/attack/south/frame_002.png
07-19 20:17:41.462 13531 13560 V python  : extracting arch_rogue/assets/sprites/actors/acolyte/animations/attack/south/frame_003.png
07-19 20:17:41.462 13531 13560 V python  : extracting arch_rogue/assets/sprites/actors/acolyte/animations/attack/south/frame_004.png
07-19 20:17:41.463 13531 13560 V python  : extracting arch_rogue/assets/sprites/actors/acolyte/animations/attack/south/frame_005.png
07-19 20:17:41.463 13531 13560 V python  : extracting arch_rogue/assets/sprites/actors/acolyte/animations/attack/south/frame_006.png
07-19 20:17:41.463 13531 13560 V python  : extracting arch_rogue/assets/sprites/actors/acolyte/animations/attack/west/
07-19 20:17:41.464 13531 13560 V python  : extracting arch_rogue/assets/sprites/actors/acolyte/animations/attack/west/frame_000.png
07-19 20:17:41.464 13531 13560 V python  : extracting arch_rogue/assets/sprites/actors/acolyte/animations/attack/west/frame_001.png
07-19 20:17:41.465 13531 13560 V python  : extracting arch_rogue/assets/sprites/actors/acolyte/animations/attack/west/frame_002.png
07-19 20:17:41.465 13531 13560 V python  : extracting arch_rogue/assets/sprites/actors/acolyte/animations/attack/west/frame_003.png
--------- switch to events
07-19 20:17:41.465 13531 13531 I viewroot_draw_event: [window=VRI[PythonActivity]77eb28c,event=reportDrawFinished seqId=1]
--------- switch to main
07-19 20:17:41.467 13531 13560 V python  : extracting arch_rogue/assets/sprites/actors/acolyte/animations/attack/west/frame_004.png
07-19 20:17:41.468 13531 13560 V python  : extracting arch_rogue/assets/sprites/actors/acolyte/animations/attack/west/frame_005.png
07-19 20:17:41.469 13531 13560 V python  : extracting arch_rogue/assets/sprites/actors/acolyte/animations/attack/west/frame_006.png
07-19 20:17:41.469 13531 13560 V python  : extracting arch_rogue/assets/sprites/actors/acolyte/animations/cast/
07-19 20:17:41.469 13531 13560 V python  : extracting arch_rogue/assets/sprites/actors/acolyte/animations/cast/east/
07-19 20:17:41.469 13531 13560 V python  : extracting arch_rogue/assets/sprites/actors/acolyte/animations/cast/east/frame_000.png
07-19 20:17:41.470 13531 13560 V python  : extracting arch_rogue/assets/sprites/actors/acolyte/animations/cast/east/frame_001.png
07-19 20:17:41.470 13531 13560 V python  : extracting arch_rogue/assets/sprites/actors/acolyte/animations/cast/east/frame_002.png
07-19 20:17:41.471 13531 13560 V python  : extracting arch_rogue/assets/sprites/actors/acolyte/animations/cast/east/frame_003.png
07-19 20:17:41.471 13531 13560 V python  : extracting arch_rogue/assets/sprites/actors/acolyte/animations/cast/east/frame_004.png
07-19 20:17:41.471 13531 13560 V python  : extracting arch_rogue/assets/sprites/actors/acolyte/animations/cast/east/frame_005.png
07-19 20:17:41.472 13531 13560 V python  : extracting arch_rogue/assets/sprites/actors/acolyte/animations/cast/east/frame_006.png
07-19 20:17:41.474 13531 13560 V python  : extracting arch_rogue/assets/sprites/actors/acolyte/animations/cast/north-east/
07-19 20:17:41.474 13531 13560 V python  : extracting arch_rogue/assets/sprites/actors/acolyte/animations/cast/north-east/frame_000.png
07-19 20:17:41.474 13531 13560 V python  : extracting arch_rogue/assets/sprites/actors/acolyte/animations/cast/north-east/frame_001.png
07-19 20:17:41.475 13531 13560 V python  : extracting arch_rogue/assets/sprites/actors/acolyte/animations/cast/north-east/frame_002.png
07-19 20:17:41.475 13531 13560 V python  : extracting arch_rogue/assets/sprites/actors/acolyte/animations/cast/north-east/frame_003.png
07-19 20:17:41.475 13531 13560 V python  : extracting arch_rogue/assets/sprites/actors/acolyte/animations/cast/north-east/frame_004.png
07-19 20:17:41.476 13531 13560 V python  : extracting arch_rogue/assets/sprites/actors/acolyte/animations/cast/north-east/frame_005.png
07-19 20:17:41.477 13531 13560 V python  : extracting arch_rogue/assets/sprites/actors/acolyte/animations/cast/north-east/frame_006.png
07-19 20:17:41.477 13531 13560 V python  : extracting arch_rogue/assets/sprites/actors/acolyte/animations/cast/north-west/
07-19 20:17:41.477 13531 13560 V python  : extracting arch_rogue/assets/sprites/actors/acolyte/animations/cast/north-west/frame_000.png
07-19 20:17:41.478 13531 13560 V python  : extracting arch_rogue/assets/sprites/actors/acolyte/animations/cast/north-west/frame_001.png
07-19 20:17:41.478 13531 13560 V python  : extracting arch_rogue/assets/sprites/actors/acolyte/animations/cast/north-west/frame_002.png
07-19 20:17:41.478 13531 13560 V python  : extracting arch_rogue/assets/sprites/actors/acolyte/animations/cast/north-west/frame_003.png
07-19 20:17:41.479 13531 13560 V python  : extracting arch_rogue/assets/sprites/actors/acolyte/animations/cast/north-west/frame_004.png
07-19 20:17:41.479 13531 13560 V python  : extracting arch_rogue/assets/sprites/actors/acolyte/animations/cast/north-west/frame_005.png
07-19 20:17:41.479 13531 13560 V python  : extracting arch_rogue/assets/sprites/actors/acolyte/animations/cast/north-west/frame_006.png
07-19 20:17:41.480 13531 13560 V python  : extracting arch_rogue/assets/sprites/actors/acolyte/animations/cast/north/
07-19 20:17:41.480 13531 13560 V python  : extracting arch_rogue/assets/sprites/actors/acolyte/animations/cast/north/frame_000.png
07-19 20:17:41.481 13531 13560 V python  : extracting arch_rogue/assets/sprites/actors/acolyte/animations/cast/north/frame_001.png
--------- switch to events
07-19 20:17:41.481 13531 13531 I viewroot_draw_event: [window=VRI[PythonActivity]77eb28c,event=reportDrawFinished seqId=2]
--------- switch to main
07-19 20:17:41.482 13531 13560 V python  : extracting arch_rogue/assets/sprites/actors/acolyte/animations/cast/north/frame_002.png
07-19 20:17:41.482 13531 13560 V python  : extracting arch_rogue/assets/sprites/actors/acolyte/animations/cast/north/frame_003.png
07-19 20:17:41.483 13531 13560 V python  : extracting arch_rogue/assets/sprites/actors/acolyte/animations/cast/north/frame_004.png
07-19 20:17:41.483 13531 13560 V python  : extracting arch_rogue/assets/sprites/actors/acolyte/animations/cast/north/frame_005.png
07-19 20:17:41.484 13531 13560 V python  : extracting arch_rogue/assets/sprites/actors/acolyte/animations/cast/north/frame_006.png
07-19 20:17:41.484 13531 13560 V python  : extracting arch_rogue/assets/sprites/actors/acolyte/animations/cast/south-east/
07-19 20:17:41.484 13531 13560 V python  : extracting arch_rogue/assets/sprites/actors/acolyte/animations/cast/south-east/frame_000.png
07-19 20:17:41.484 13531 13560 V python  : extracting arch_rogue/assets/sprites/actors/acolyte/animations/cast/south-east/frame_001.png
07-19 20:17:41.485 13531 13560 V python  : extracting arch_rogue/assets/sprites/actors/acolyte/animations/cast/south-east/frame_002.png
07-19 20:17:41.485 13531 13560 V python  : extracting arch_rogue/assets/sprites/actors/acolyte/animations/cast/south-east/frame_003.png
07-19 20:17:41.486 13531 13560 V python  : extracting arch_rogue/assets/sprites/actors/acolyte/animations/cast/south-east/frame_004.png
07-19 20:17:41.487 13531 13560 V python  : extracting arch_rogue/assets/sprites/actors/acolyte/animations/cast/south-east/frame_005.png
07-19 20:17:41.487 13531 13560 V python  : extracting arch_rogue/assets/sprites/actors/acolyte/animations/cast/south-east/frame_006.png
07-19 20:17:41.488 13531 13560 V python  : extracting arch_rogue/assets/sprites/actors/acolyte/animations/cast/south-west/
07-19 20:17:41.488 13531 13560 V python  : extracting arch_rogue/assets/sprites/actors/acolyte/animations/cast/south-west/frame_000.png
07-19 20:17:41.488 13531 13560 V python  : extracting arch_rogue/assets/sprites/actors/acolyte/animations/cast/south-west/frame_001.png
07-19 20:17:41.489 13531 13560 V python  : extracting arch_rogue/assets/sprites/actors/acolyte/animations/cast/south-west/frame_002.png
07-19 20:17:41.489 13531 13560 V python  : extracting arch_rogue/assets/sprites/actors/acolyte/animations/cast/south-west/frame_003.png
07-19 20:17:41.490 13531 13560 V python  : extracting arch_rogue/assets/sprites/actors/acolyte/animations/cast/south-west/frame_004.png
07-19 20:17:41.490 13531 13560 V python  : extracting arch_rogue/assets/sprites/actors/acolyte/animations/cast/south-west/frame_005.png
07-19 20:17:41.490 13531 13560 V python  : extracting arch_rogue/assets/sprites/actors/acolyte/animations/cast/south-west/frame_006.png
07-19 20:17:41.491 13531 13560 V python  : extracting arch_rogue/assets/sprites/actors/acolyte/animations/cast/south/
07-19 20:17:41.491 13531 13560 V python  : extracting arch_rogue/assets/sprites/actors/acolyte/animations/cast/south/frame_000.png
07-19 20:17:41.492 13531 13560 V python  : extracting arch_rogue/assets/sprites/actors/acolyte/animations/cast/south/frame_001.png
07-19 20:17:41.492 13531 13560 V python  : extracting arch_rogue/assets/sprites/actors/acolyte/animations/cast/south/frame_002.png
07-19 20:17:41.492 13531 13560 V python  : extracting arch_rogue/assets/sprites/actors/acolyte/animations/cast/south/frame_003.png
07-19 20:17:41.493 13531 13560 V python  : extracting arch_rogue/assets/sprites/actors/acolyte/animations/cast/south/frame_004.png
07-19 20:17:41.493 13531 13560 V python  : extracting arch_rogue/assets/sprites/actors/acolyte/animations/cast/south/frame_005.png
07-19 20:17:41.493 13531 13560 V python  : extracting arch_rogue/assets/sprites/actors/acolyte/animations/cast/south/frame_006.png
07-19 20:17:41.494 13531 13560 V python  : extracting arch_rogue/assets/sprites/actors/acolyte/animations/cast/west/
07-19 20:17:41.494 13531 13560 V python  : extracting arch_rogue/assets/sprites/actors/acolyte/animations/cast/west/frame_000.png
07-19 20:17:41.494 13531 13560 V python  : extracting arch_rogue/assets/sprites/actors/acolyte/animations/cast/west/frame_001.png
07-19 20:17:41.495 13531 13560 V python  : extracting arch_rogue/assets/sprites/actors/acolyte/animations/cast/west/frame_002.png
07-19 20:17:41.495 13531 13560 V python  : extracting arch_rogue/assets/sprites/actors/acolyte/animations/cast/west/frame_003.png
07-19 20:17:41.495 13531 13560 V python  : extracting arch_rogue/assets/sprites/actors/acolyte/animations/cast/west/frame_004.png
07-19 20:17:41.496 13531 13560 V python  : extracting arch_rogue/assets/sprites/actors/acolyte/animations/cast/west/frame_005.png
07-19 20:17:41.496 13531 13560 V python  : extracting arch_rogue/assets/sprites/actors/acolyte/animations/cast/west/frame_006.png
07-19 20:17:41.496 13531 13560 V python  : extracting arch_rogue/assets/sprites/actors/acolyte/animations/idle/
07-19 20:17:41.496 13531 13560 V python  : extracting arch_rogue/assets/sprites/actors/acolyte/animations/idle/east/
07-19 20:17:41.497 13531 13560 V python  : extracting arch_rogue/assets/sprites/actors/acolyte/animations/idle/east/frame_000.png
07-19 20:17:41.497 13531 13560 V python  : extracting arch_rogue/assets/sprites/actors/acolyte/animations/idle/east/frame_001.png
07-19 20:17:41.497 13531 13560 V python  : extracting arch_rogue/assets/sprites/actors/acolyte/animations/idle/east/frame_002.png
07-19 20:17:41.498 13531 13560 V python  : extracting arch_rogue/assets/sprites/actors/acolyte/animations/idle/east/frame_003.png
07-19 20:17:41.498 13531 13560 V python  : extracting arch_rogue/assets/sprites/actors/acolyte/animations/idle/north-east/
07-19 20:17:41.498 13531 13560 V python  : extracting arch_rogue/assets/sprites/actors/acolyte/animations/idle/north-east/frame_000.png
07-19 20:17:41.499 13531 13560 V python  : extracting arch_rogue/assets/sprites/actors/acolyte/animations/idle/north-east/frame_001.png
07-19 20:17:41.499 13531 13560 V python  : extracting arch_rogue/assets/sprites/actors/acolyte/animations/idle/north-east/frame_002.png
07-19 20:17:41.500 13531 13560 V python  : extracting arch_rogue/assets/sprites/actors/acolyte/animations/idle/north-east/frame_003.png
07-19 20:17:41.500 13531 13560 V python  : extracting arch_rogue/assets/sprites/actors/acolyte/animations/idle/north-west/
--------- switch to events
07-19 20:17:41.500 13531 13531 I input_focus: window=ViewRootImpl focus=true for org.archrogue.archrogue/org.kivy.android.PythonActivity
--------- switch to main
07-19 20:17:41.500 13531 13560 V python  : extracting arch_rogue/assets/sprites/actors/acolyte/animations/idle/north-west/frame_000.png
07-19 20:17:41.501 13531 13531 V SDL     : onWindowFocusChanged(): true
07-19 20:17:41.501 13531 13560 V python  : extracting arch_rogue/assets/sprites/actors/acolyte/animations/idle/north-west/frame_001.png
07-19 20:17:41.501 13531 13560 V python  : extracting arch_rogue/assets/sprites/actors/acolyte/animations/idle/north-west/frame_002.png
07-19 20:17:41.502 13531 13560 V python  : extracting arch_rogue/assets/sprites/actors/acolyte/animations/idle/north-west/frame_003.png
07-19 20:17:41.502 13531 13560 V python  : extracting arch_rogue/assets/sprites/actors/acolyte/animations/idle/north/
07-19 20:17:41.502 13531 13560 V python  : extracting arch_rogue/assets/sprites/actors/acolyte/animations/idle/north/frame_000.png
07-19 20:17:41.503 13531 13560 V python  : extracting arch_rogue/assets/sprites/actors/acolyte/animations/idle/north/frame_001.png
07-19 20:17:41.503 13531 13560 V python  : extracting arch_rogue/assets/sprites/actors/acolyte/animations/idle/north/frame_002.png
07-19 20:17:41.503 13531 13560 V python  : extracting arch_rogue/assets/sprites/actors/acolyte/animations/idle/north/frame_003.png
07-19 20:17:41.504 13531 13560 V python  : extracting arch_rogue/assets/sprites/actors/acolyte/animations/idle/south-east/
07-19 20:17:41.504 13531 13560 V python  : extracting arch_rogue/assets/sprites/actors/acolyte/animations/idle/south-east/frame_000.png
07-19 20:17:41.504 13531 13560 V python  : extracting arch_rogue/assets/sprites/actors/acolyte/animations/idle/south-east/frame_001.png
07-19 20:17:41.505 13531 13560 V python  : extracting arch_rogue/assets/sprites/actors/acolyte/animations/idle/south-east/frame_002.png
07-19 20:17:41.505 13531 13560 V python  : extracting arch_rogue/assets/sprites/actors/acolyte/animations/idle/south-east/frame_003.png
07-19 20:17:41.506 13531 13560 V python  : extracting arch_rogue/assets/sprites/actors/acolyte/animations/idle/south-west/
07-19 20:17:41.506 13531 13560 V python  : extracting arch_rogue/assets/sprites/actors/acolyte/animations/idle/south-west/frame_000.png
07-19 20:17:41.506 13531 13560 V python  : extracting arch_rogue/assets/sprites/actors/acolyte/animations/idle/south-west/frame_001.png
07-19 20:17:41.507 13531 13560 V python  : extracting arch_rogue/assets/sprites/actors/acolyte/animations/idle/south-west/frame_002.png
07-19 20:17:41.507 13531 13560 V python  : extracting arch_rogue/assets/sprites/actors/acolyte/animations/idle/south-west/frame_003.png
07-19 20:17:41.508 13531 13560 V python  : extracting arch_rogue/assets/sprites/actors/acolyte/animations/idle/south/
07-19 20:17:41.508 13531 13560 V python  : extracting arch_rogue/assets/sprites/actors/acolyte/animations/idle/south/frame_000.png
07-19 20:17:41.508 13531 13560 V python  : extracting arch_rogue/assets/sprites/actors/acolyte/animations/idle/south/frame_001.png
07-19 20:17:41.509 13531 13560 V python  : extracting arch_rogue/assets/sprites/actors/acolyte/animations/idle/south/frame_002.png
07-19 20:17:41.509 13531 13560 V python  : extracting arch_rogue/assets/sprites/actors/acolyte/animations/idle/south/frame_003.png
07-19 20:17:41.510 13531 13560 V python  : extracting arch_rogue/assets/sprites/actors/acolyte/animations/idle/west/
07-19 20:17:41.510 13531 13560 V python  : extracting arch_rogue/assets/sprites/actors/acolyte/animations/idle/west/frame_000.png
--------- switch to system
07-19 20:17:41.510 13531 13531 D InsetsController: hide(ime())
--------- switch to main
07-19 20:17:41.510 13531 13560 V python  : extracting arch_rogue/assets/sprites/actors/acolyte/animations/idle/west/frame_001.png
07-19 20:17:41.511 13531 13560 V python  : extracting arch_rogue/assets/sprites/actors/acolyte/animations/idle/west/frame_002.png
07-19 20:17:41.511 13531 13560 V python  : extracting arch_rogue/assets/sprites/actors/acolyte/animations/idle/west/frame_003.png
07-19 20:17:41.512 13531 13560 V python  : extracting arch_rogue/assets/sprites/actors/acolyte/animations/walk/
07-19 20:17:41.512 13531 13560 V python  : extracting arch_rogue/assets/sprites/actors/acolyte/animations/walk/east/
07-19 20:17:41.512 13531 13560 V python  : extracting arch_rogue/assets/sprites/actors/acolyte/animations/walk/east/frame_000.png
--------- switch to system
07-19 20:17:41.512 13531 13531 I ImeTracker: org.archrogue.archrogue:89c77bdc: onCancelled at PHASE_CLIENT_ALREADY_HIDDEN
--------- switch to main
07-19 20:17:41.512 13531 13560 V python  : extracting arch_rogue/assets/sprites/actors/acolyte/animations/walk/east/frame_001.png
07-19 20:17:41.513 13531 13560 V python  : extracting arch_rogue/assets/sprites/actors/acolyte/animations/walk/east/frame_002.png
07-19 20:17:41.513 13531 13560 V python  : extracting arch_rogue/assets/sprites/actors/acolyte/animations/walk/east/frame_003.png
07-19 20:17:41.513 13531 13560 V python  : extracting arch_rogue/assets/sprites/actors/acolyte/animations/walk/east/frame_004.png
07-19 20:17:41.514 13531 13560 V python  : extracting arch_rogue/assets/sprites/actors/acolyte/animations/walk/east/frame_005.png
07-19 20:17:41.514 13531 13560 V python  : extracting arch_rogue/assets/sprites/actors/acolyte/animations/walk/north-east/
07-19 20:17:41.514 13531 13560 V python  : extracting arch_rogue/assets/sprites/actors/acolyte/animations/walk/north-east/frame_000.png
07-19 20:17:41.515 13531 13560 V python  : extracting arch_rogue/assets/sprites/actors/acolyte/animations/walk/north-east/frame_001.png
07-19 20:17:41.515 13531 13560 V python  : extracting arch_rogue/assets/sprites/actors/acolyte/animations/walk/north-east/frame_002.png
07-19 20:17:41.516 13531 13560 V python  : extracting arch_rogue/assets/sprites/actors/acolyte/animations/walk/north-east/frame_003.png
07-19 20:17:41.516 13531 13560 V python  : extracting arch_rogue/assets/sprites/actors/acolyte/animations/walk/north-east/frame_004.png
07-19 20:17:41.517 13531 13560 V python  : extracting arch_rogue/assets/sprites/actors/acolyte/animations/walk/north-east/frame_005.png
07-19 20:17:41.517 13531 13560 V python  : extracting arch_rogue/assets/sprites/actors/acolyte/animations/walk/north-west/
07-19 20:17:41.517 13531 13560 V python  : extracting arch_rogue/assets/sprites/actors/acolyte/animations/walk/north-west/frame_000.png
07-19 20:17:41.518 13531 13560 V python  : extracting arch_rogue/assets/sprites/actors/acolyte/animations/walk/north-west/frame_001.png
07-19 20:17:41.519 13531 13560 V python  : extracting arch_rogue/assets/sprites/actors/acolyte/animations/walk/north-west/frame_002.png
07-19 20:17:41.519 13531 13560 V python  : extracting arch_rogue/assets/sprites/actors/acolyte/animations/walk/north-west/frame_003.png
07-19 20:17:41.520 13531 13560 V python  : extracting arch_rogue/assets/sprites/actors/acolyte/animations/walk/north-west/frame_004.png
07-19 20:17:41.520 13531 13560 V python  : extracting arch_rogue/assets/sprites/actors/acolyte/animations/walk/north-west/frame_005.png
07-19 20:17:41.520 13531 13560 V python  : extracting arch_rogue/assets/sprites/actors/acolyte/animations/walk/north/
07-19 20:17:41.521 13531 13560 V python  : extracting arch_rogue/assets/sprites/actors/acolyte/animations/walk/north/frame_000.png
07-19 20:17:41.521 13531 13560 V python  : extracting arch_rogue/assets/sprites/actors/acolyte/animations/walk/north/frame_001.png
07-19 20:17:41.521 13531 13560 V python  : extracting arch_rogue/assets/sprites/actors/acolyte/animations/walk/north/frame_002.png
07-19 20:17:41.522 13531 13560 V python  : extracting arch_rogue/assets/sprites/actors/acolyte/animations/walk/north/frame_003.png
07-19 20:17:41.522 13531 13560 V python  : extracting arch_rogue/assets/sprites/actors/acolyte/animations/walk/north/frame_004.png
07-19 20:17:41.523 13531 13560 V python  : extracting arch_rogue/assets/sprites/actors/acolyte/animations/walk/north/frame_005.png
07-19 20:17:41.523 13531 13560 V python  : extracting arch_rogue/assets/sprites/actors/acolyte/animations/walk/south-east/
07-19 20:17:41.523 13531 13560 V python  : extracting arch_rogue/assets/sprites/actors/acolyte/animations/walk/south-east/frame_000.png
07-19 20:17:41.524 13531 13560 V python  : extracting arch_rogue/assets/sprites/actors/acolyte/animations/walk/south-east/frame_001.png
07-19 20:17:41.524 13531 13560 V python  : extracting arch_rogue/assets/sprites/actors/acolyte/animations/walk/south-east/frame_002.png
07-19 20:17:41.525 13531 13560 V python  : extracting arch_rogue/assets/sprites/actors/acolyte/animations/walk/south-east/frame_003.png
07-19 20:17:41.525 13531 13560 V python  : extracting arch_rogue/assets/sprites/actors/acolyte/animations/walk/south-east/frame_004.png
07-19 20:17:41.526 13531 13560 V python  : extracting arch_rogue/assets/sprites/actors/acolyte/animations/walk/south-east/frame_005.png
07-19 20:17:41.526 13531 13560 V python  : extracting arch_rogue/assets/sprites/actors/acolyte/animations/walk/south-west/
07-19 20:17:41.526 13531 13560 V python  : extracting arch_rogue/assets/sprites/actors/acolyte/animations/walk/south-west/frame_000.png
07-19 20:17:41.527 13531 13560 V python  : extracting arch_rogue/assets/sprites/actors/acolyte/animations/walk/south-west/frame_001.png
07-19 20:17:41.527 13531 13560 V python  : extracting arch_rogue/assets/sprites/actors/acolyte/animations/walk/south-west/frame_002.png
07-19 20:17:41.528 13531 13560 V python  : extracting arch_rogue/assets/sprites/actors/acolyte/animations/walk/south-west/frame_003.png
07-19 20:17:41.528 13531 13560 V python  : extracting arch_rogue/assets/sprites/actors/acolyte/animations/walk/south-west/frame_004.png
07-19 20:17:41.529 13531 13560 V python  : extracting arch_rogue/assets/sprites/actors/acolyte/animations/walk/south-west/frame_005.png
07-19 20:17:41.529 13531 13560 V python  : extracting arch_rogue/assets/sprites/actors/acolyte/animations/walk/south/
07-19 20:17:41.529 13531 13560 V python  : extracting arch_rogue/assets/sprites/actors/acolyte/animations/walk/south/frame_000.png
07-19 20:17:41.530 13531 13560 V python  : extracting arch_rogue/assets/sprites/actors/acolyte/animations/walk/south/frame_001.png
07-19 20:17:41.530 13531 13560 V python  : extracting arch_rogue/assets/sprites/actors/acolyte/animations/walk/south/frame_002.png
07-19 20:17:41.531 13531 13560 V python  : extracting arch_rogue/assets/sprites/actors/acolyte/animations/walk/south/frame_003.png
07-19 20:17:41.531 13531 13560 V python  : extracting arch_rogue/assets/sprites/actors/acolyte/animations/walk/south/frame_004.png
07-19 20:17:41.531 13531 13560 V python  : extracting arch_rogue/assets/sprites/actors/acolyte/animations/walk/south/frame_005.png
07-19 20:17:41.532 13531 13560 V python  : extracting arch_rogue/assets/sprites/actors/acolyte/animations/walk/west/
07-19 20:17:41.532 13531 13560 V python  : extracting arch_rogue/assets/sprites/actors/acolyte/animations/walk/west/frame_000.png
07-19 20:17:41.532 13531 13560 V python  : extracting arch_rogue/assets/sprites/actors/acolyte/animations/walk/west/frame_001.png
07-19 20:17:41.533 13531 13560 V python  : extracting arch_rogue/assets/sprites/actors/acolyte/animations/walk/west/frame_002.png
07-19 20:17:41.533 13531 13560 V python  : extracting arch_rogue/assets/sprites/actors/acolyte/animations/walk/west/frame_003.png
07-19 20:17:41.534 13531 13560 V python  : extracting arch_rogue/assets/sprites/actors/acolyte/animations/walk/west/frame_004.png
07-19 20:17:41.534 13531 13560 V python  : extracting arch_rogue/assets/sprites/actors/acolyte/animations/walk/west/frame_005.png
07-19 20:17:41.535 13531 13560 V python  : extracting arch_rogue/assets/sprites/actors/acolyte/
07-19 20:17:41.535 13531 13560 V python  : extracting arch_rogue/assets/sprites/actors/acolyte/rotations/
07-19 20:17:41.535 13531 13560 V python  : extracting arch_rogue/assets/sprites/actors/acolyte/rotations/east.png
07-19 20:17:41.535 13531 13560 V python  : extracting arch_rogue/assets/sprites/actors/acolyte/rotations/north-east.png
07-19 20:17:41.536 13531 13560 V python  : extracting arch_rogue/assets/sprites/actors/acolyte/rotations/north-west.png
07-19 20:17:41.536 13531 13560 V python  : extracting arch_rogue/assets/sprites/actors/acolyte/rotations/north.png
07-19 20:17:41.536 13531 13560 V python  : extracting arch_rogue/assets/sprites/actors/acolyte/rotations/south-east.png
07-19 20:17:41.537 13531 13560 V python  : extracting arch_rogue/assets/sprites/actors/acolyte/rotations/south-west.png
07-19 20:17:41.537 13531 13560 V python  : extracting arch_rogue/assets/sprites/actors/acolyte/rotations/south.png
07-19 20:17:41.538 13531 13560 V python  : extracting arch_rogue/assets/sprites/actors/acolyte/rotations/west.png
07-19 20:17:41.538 13531 13560 V python  : extracting arch_rogue/assets/sprites/actors/arcanist/animations/act/
07-19 20:17:41.538 13531 13560 V python  : extracting arch_rogue/assets/sprites/actors/arcanist/animations/act/south/
07-19 20:17:41.538 13531 13560 V python  : extracting arch_rogue/assets/sprites/actors/arcanist/animations/act/south/frame_000.png
07-19 20:17:41.539 13531 13560 V python  : extracting arch_rogue/assets/sprites/actors/arcanist/animations/act/south/frame_001.png
07-19 20:17:41.539 13531 13560 V python  : extracting arch_rogue/assets/sprites/actors/arcanist/animations/act/south/frame_002.png
07-19 20:17:41.540 13531 13560 V python  : extracting arch_rogue/assets/sprites/actors/arcanist/animations/act/south/frame_003.png
07-19 20:17:41.540 13531 13560 V python  : extracting arch_rogue/assets/sprites/actors/arcanist/animations/act/south/frame_004.png
07-19 20:17:41.541 13531 13560 V python  : extracting arch_rogue/assets/sprites/actors/arcanist/animations/act/south/frame_005.png
07-19 20:17:41.541 13531 13560 V python  : extracting arch_rogue/assets/sprites/actors/arcanist/animations/act/south/frame_006.png
07-19 20:17:41.541 13531 13560 V python  : extracting arch_rogue/assets/sprites/actors/arcanist/animations/act/south/frame_007.png
07-19 20:17:41.542 13531 13560 V python  : extracting arch_rogue/assets/sprites/actors/arcanist/animations/attack/
07-19 20:17:41.542 13531 13560 V python  : extracting arch_rogue/assets/sprites/actors/arcanist/animations/attack/east/
07-19 20:17:41.542 13531 13560 V python  : extracting arch_rogue/assets/sprites/actors/arcanist/animations/attack/east/frame_000.png
07-19 20:17:41.542 13531 13560 V python  : extracting arch_rogue/assets/sprites/actors/arcanist/animations/attack/east/frame_001.png
07-19 20:17:41.543 13531 13560 V python  : extracting arch_rogue/assets/sprites/actors/arcanist/animations/attack/east/frame_002.png
07-19 20:17:41.543 13531 13560 V python  : extracting arch_rogue/assets/sprites/actors/arcanist/animations/attack/east/frame_003.png
07-19 20:17:41.543 13531 13560 V python  : extracting arch_rogue/assets/sprites/actors/arcanist/animations/attack/east/frame_004.png
07-19 20:17:41.544 13531 13560 V python  : extracting arch_rogue/assets/sprites/actors/arcanist/animations/attack/east/frame_005.png
07-19 20:17:41.544 13531 13560 V python  : extracting arch_rogue/assets/sprites/actors/arcanist/animations/attack/east/frame_006.png
07-19 20:17:41.544 13531 13560 V python  : extracting arch_rogue/assets/sprites/actors/arcanist/animations/attack/north-east/
07-19 20:17:41.544 13531 13560 V python  : extracting arch_rogue/assets/sprites/actors/arcanist/animations/attack/north-east/frame_000.png
07-19 20:17:41.545 13531 13560 V python  : extracting arch_rogue/assets/sprites/actors/arcanist/animations/attack/north-east/frame_001.png
07-19 20:17:41.545 13531 13560 V python  : extracting arch_rogue/assets/sprites/actors/arcanist/animations/attack/north-east/frame_002.png
07-19 20:17:41.545 13531 13560 V python  : extracting arch_rogue/assets/sprites/actors/arcanist/animations/attack/north-east/frame_003.png
07-19 20:17:41.546 13531 13560 V python  : extracting arch_rogue/assets/sprites/actors/arcanist/animations/attack/north-east/frame_004.png
07-19 20:17:41.547 13531 13560 V python  : extracting arch_rogue/assets/sprites/actors/arcanist/animations/attack/north-east/frame_005.png
07-19 20:17:41.547 13531 13560 V python  : extracting arch_rogue/assets/sprites/actors/arcanist/animations/attack/north-east/frame_006.png
07-19 20:17:41.548 13531 13560 V python  : extracting arch_rogue/assets/sprites/actors/arcanist/animations/attack/north-west/
07-19 20:17:41.548 13531 13560 V python  : extracting arch_rogue/assets/sprites/actors/arcanist/animations/attack/north-west/frame_000.png
07-19 20:17:41.548 13531 13560 V python  : extracting arch_rogue/assets/sprites/actors/arcanist/animations/attack/north-west/frame_001.png
07-19 20:17:41.548 13531 13560 V python  : extracting arch_rogue/assets/sprites/actors/arcanist/animations/attack/north-west/frame_002.png
07-19 20:17:41.549 13531 13560 V python  : extracting arch_rogue/assets/sprites/actors/arcanist/animations/attack/north-west/frame_003.png
07-19 20:17:41.549 13531 13560 V python  : extracting arch_rogue/assets/sprites/actors/arcanist/animations/attack/north-west/frame_004.png
07-19 20:17:41.549 13531 13560 V python  : extracting arch_rogue/assets/sprites/actors/arcanist/animations/attack/north-west/frame_005.png
07-19 20:17:41.550 13531 13560 V python  : extracting arch_rogue/assets/sprites/actors/arcanist/animations/attack/north-west/frame_006.png
07-19 20:17:41.550 13531 13560 V python  : extracting arch_rogue/assets/sprites/actors/arcanist/animations/attack/north/
07-19 20:17:41.550 13531 13560 V python  : extracting arch_rogue/assets/sprites/actors/arcanist/animations/attack/north/frame_000.png
07-19 20:17:41.551 13531 13560 V python  : extracting arch_rogue/assets/sprites/actors/arcanist/animations/attack/north/frame_001.png
07-19 20:17:41.551 13531 13560 V python  : extracting arch_rogue/assets/sprites/actors/arcanist/animations/attack/north/frame_002.png
07-19 20:17:41.551 13531 13560 V python  : extracting arch_rogue/assets/sprites/actors/arcanist/animations/attack/north/frame_003.png
07-19 20:17:41.552 13531 13560 V python  : extracting arch_rogue/assets/sprites/actors/arcanist/animations/attack/north/frame_004.png
07-19 20:17:41.552 13531 13560 V python  : extracting arch_rogue/assets/sprites/actors/arcanist/animations/attack/north/frame_005.png
07-19 20:17:41.552 13531 13560 V python  : extracting arch_rogue/assets/sprites/actors/arcanist/animations/attack/north/frame_006.png
07-19 20:17:41.553 13531 13560 V python  : extracting arch_rogue/assets/sprites/actors/arcanist/animations/attack/north/frame_007.png
07-19 20:17:41.553 13531 13560 V python  : extracting arch_rogue/assets/sprites/actors/arcanist/animations/attack/north/frame_008.png
07-19 20:17:41.553 13531 13560 V python  : extracting arch_rogue/assets/sprites/actors/arcanist/animations/attack/south-east/
07-19 20:17:41.553 13531 13560 V python  : extracting arch_rogue/assets/sprites/actors/arcanist/animations/attack/south-east/frame_000.png
07-19 20:17:41.554 13531 13560 V python  : extracting arch_rogue/assets/sprites/actors/arcanist/animations/attack/south-east/frame_001.png
07-19 20:17:41.554 13531 13560 V python  : extracting arch_rogue/assets/sprites/actors/arcanist/animations/attack/south-east/frame_002.png
07-19 20:17:41.554 13531 13560 V python  : extracting arch_rogue/assets/sprites/actors/arcanist/animations/attack/south-east/frame_003.png
07-19 20:17:41.555 13531 13560 V python  : extracting arch_rogue/assets/sprites/actors/arcanist/animations/attack/south-east/frame_004.png
07-19 20:17:41.555 13531 13560 V python  : extracting arch_rogue/assets/sprites/actors/arcanist/animations/attack/south-east/frame_005.png
07-19 20:17:41.555 13531 13560 V python  : extracting arch_rogue/assets/sprites/actors/arcanist/animations/attack/south-east/frame_006.png
