type: logcat
osVersion: google/tegu/tegu:17/CP2A.260705.006/2026071501:user/release-keys
flags: dev options enabled
package: org.archrogue.archrogue:102840307, targetSdk 34
buffers: main,system,crash,events,kernel
level: verbose

--------- beginning of main
07-20 08:23:14.972  2382  2382 I libc    : SetHeapTaggingLevel: tag level set to 0
07-20 08:23:14.974  2382  2382 I Zygote  : Process 2382 created for org.archrogue.archrogue
07-20 08:23:14.975  2382  2382 I rogue.archrogue: Late-enabling -Xcheck:jni
07-20 08:23:14.982  2382  2382 I rogue.archrogue: Using generational CollectorTypeCMC GC.
07-20 08:23:14.991  2382  2382 D nativeloader: Load libframework-connectivity-tiramisu-jni.so using APEX ns com_android_tethering for caller /apex/com.android.tethering/javalib/framework-connectivity-t.jar: ok
07-20 08:23:15.046  2382  2382 E FeatureFlagsImplExport: android.os.flagging.AconfigStorageReadException: ERROR_PACKAGE_NOT_FOUND: package android.xr cannot be found on the device
07-20 08:23:15.059  2382  2382 D DynCodeLoading: AppBindFlags: 0
07-20 08:23:15.060  2382  2382 D CompatChangeReporter: Compat change id reported: 242716250; UID 10265; state: ENABLED
07-20 08:23:15.060  2382  2382 I Typeface: Preloading /system/fonts/Roboto-Regular.ttf
07-20 08:23:15.060  2382  2382 I Typeface: Preloading /system/fonts/RobotoStatic-Regular.ttf
07-20 08:23:15.127  2382  2382 I SystemFonts: Loading font config from /system/etc/fonts.xml
07-20 08:23:15.130  2382  2382 D CompatChangeReporter: Compat change id reported: 247079863; UID 10265; state: ENABLED
07-20 08:23:15.291  2382  2382 D AssetManager: reusing systemIdmapPaths
07-20 08:23:15.327  2382  2382 D nativeloader: InitApexLibraries:
07-20 08:23:15.327  2382  2382 D nativeloader:   com_android_art: libnativehelper.so
07-20 08:23:15.327  2382  2382 D nativeloader:   com_android_i18n: libicui18n.so:libicuuc.so:libicu.so
07-20 08:23:15.327  2382  2382 D nativeloader:   com_android_neuralnetworks: libneuralnetworks.so
07-20 08:23:15.327  2382  2382 D nativeloader: InitDefaultPublicLibraries for_preload=0: libandroid.so:libaaudio.so:libamidi.so:libbinder_ndk.so:libc.so:libcamera2ndk.so:libclang_rt.hwasan-aarch64-android.so:libdl.so:libEGL.so:libGLESv1_CM.so:libGLESv2.so:libGLESv3.so:libjnigraphics.so:liblog.so:libmediandk.so:libm.so:libnativewindow.so:libOpenMAXAL.so:libOpenSLES.so:libRS.so:libstdc++.so:libsync.so:libvulkan.so:libwebviewchromium_plat_support.so:libz.so
07-20 08:23:15.327  2382  2382 D nativeloader: Configuring clns-1 for other apk /data/app/~~dK3y_MuPyUWSEovbZ209ZA==/org.archrogue.archrogue-gldlCpJPqs9a4sQokQJAEQ==/base.apk. target_sdk_version=34, uses_libraries=, library_path=/data/app/~~dK3y_MuPyUWSEovbZ209ZA==/org.archrogue.archrogue-gldlCpJPqs9a4sQokQJAEQ==/lib/arm64:/data/app/~~dK3y_MuPyUWSEovbZ209ZA==/org.archrogue.archrogue-gldlCpJPqs9a4sQokQJAEQ==/base.apk!/lib/arm64-v8a, permitted_path=/data:/mnt/expand:/data/user/0/org.archrogue.archrogue
07-20 08:23:15.327  2382  2382 D nativeloader: InitExtendedPublicLibraries: 
07-20 08:23:15.328  2382  2382 D nativeloader: InitApexLibraries:
07-20 08:23:15.328  2382  2382 D nativeloader:   
07-20 08:23:15.329  2382  2382 D nativeloader: InitVendorPublicLibraries: libOpenCL.so:libOpenCL-pixel.so:libedgetpu_client.google.so:libedgetpu_util.so:lib_aion_buffer.so:lib_jpg_encoder.so:libgxp.so:libedgetpu_tachyon.google.so:libedgetpu_litert.so
07-20 08:23:15.329  2382  2382 D nativeloader: InitProductPublicLibraries: 
07-20 08:23:15.334  2382  2382 D nativeloader: Load libframework-connectivity-jni.so using APEX ns com_android_tethering for caller /apex/com.android.tethering/javalib/framework-connectivity.jar: ok
07-20 08:23:15.336  2382  2382 V GraphicsEnvironment: Currently set values for:
07-20 08:23:15.336  2382  2382 V GraphicsEnvironment:   angle_gl_driver_selection_pkgs=[com.android.angle, com.google.android.apps.tachyon]
07-20 08:23:15.336  2382  2382 V GraphicsEnvironment:   angle_gl_driver_selection_values=[angle, native]
07-20 08:23:15.336  2382  2382 V GraphicsEnvironment: org.archrogue.archrogue is not listed in per-application setting
07-20 08:23:15.337  2382  2382 V GraphicsEnvironment: No special selections for ANGLE, returning default driver choice
07-20 08:23:15.338  2382  2382 V GraphicsEnvironment: Neither updatable production driver nor prerelease driver is supported.
--------- beginning of system
07-20 08:23:15.348  2382  2401 I DisplayManager: Choreographer implicitly registered for the refresh rate.
--------- switch to main
07-20 08:23:15.367  2382  2382 D DesktopExperienceFlags: Toggle override initialized to: false
07-20 08:23:15.383  2382  2382 V PythonActivity: PythonActivity onCreate running
07-20 08:23:15.383  2382  2382 V PythonActivity: About to do super onCreate
07-20 08:23:15.383  2382  2382 V SDL     : Device: tegu
07-20 08:23:15.383  2382  2382 V SDL     : Model: Pixel 9a
07-20 08:23:15.383  2382  2382 V SDL     : onCreate()
07-20 08:23:15.383  2382  2382 V PythonActivity: Did super onCreate
07-20 08:23:15.383  2382  2382 V SDL     : getting identifier
07-20 08:23:15.383  2382  2382 V SDL     : kind is layout and name lottie
07-20 08:23:15.384  2382  2382 V SDL     : result is 0
07-20 08:23:15.384  2382  2382 E rogue.archrogue: Invalid resource ID 0x00000000.
07-20 08:23:15.384  2382  2382 V SDL     : couldn't find lottie layout or animation, trying static splash
07-20 08:23:15.384  2382  2382 V SDL     : getting identifier
07-20 08:23:15.384  2382  2382 V SDL     : kind is drawable and name presplash
07-20 08:23:15.384  2382  2382 V SDL     : result is 2130771969
07-20 08:23:15.388  2382  2382 V SDL     : asked to get string presplash_color
07-20 08:23:15.388  2382  2382 V SDL     : getting identifier
07-20 08:23:15.388  2382  2382 V SDL     : kind is string and name presplash_color
07-20 08:23:15.388  2382  2382 V SDL     : result is 2131034113
--------- beginning of events
07-20 08:23:15.395  2382  2382 I wm_on_create_called: [Token=41414808,Component Name=org.kivy.android.PythonActivity,Reason=performCreate,time=12ms]
--------- switch to main
07-20 08:23:15.396  2382  2382 V SDL     : onStart()
--------- switch to events
07-20 08:23:15.396  2382  2382 I wm_on_start_called: [Token=41414808,Component Name=org.kivy.android.PythonActivity,Reason=handleStartActivity,time=0ms]
--------- switch to main
07-20 08:23:15.396  2382  2410 V PythonActivity: Ready to unpack
07-20 08:23:15.396  2382  2410 V pythonutil: Unpacking private app
07-20 08:23:15.396  2382  2410 V pythonutil: Data version is dc03bf54e701b8bfb8c6734d3053d66ddb10a788
07-20 08:23:15.396  2382  2410 V pythonutil: Extracting private assets.
07-20 08:23:15.397  2382  2382 V PythonActivity: onResume()
07-20 08:23:15.397  2382  2382 V SDL     : onResume()
07-20 08:23:15.398  2382  2410 V python  : extracting arch_rogue/
07-20 08:23:15.398  2382  2410 V python  : extracting arch_rogue/__init__.pyc
07-20 08:23:15.398  2382  2410 V python  : extracting arch_rogue/__main__.pyc
07-20 08:23:15.399  2382  2410 V python  : extracting arch_rogue/assets/
07-20 08:23:15.399  2382  2410 V python  : extracting arch_rogue/assets/__init__.pyc
07-20 08:23:15.399  2382  2410 V python  : extracting arch_rogue/assets/icons/
07-20 08:23:15.399  2382  2410 V python  : extracting arch_rogue/assets/icons/icon_128.png
07-20 08:23:15.400  2382  2410 V python  : extracting arch_rogue/assets/icons/icon_16.png
07-20 08:23:15.400  2382  2410 V python  : extracting arch_rogue/assets/icons/icon_256.png
--------- switch to events
07-20 08:23:15.401  2382  2382 I wm_on_resume_called: [Token=41414808,Component Name=org.kivy.android.PythonActivity,Reason=RESUME_ACTIVITY,time=3ms]
--------- switch to main
07-20 08:23:15.401  2382  2410 V python  : extracting arch_rogue/assets/icons/icon_32.png
07-20 08:23:15.401  2382  2410 V python  : extracting arch_rogue/assets/icons/icon_512.png
07-20 08:23:15.402  2382  2410 V python  : extracting arch_rogue/assets/icons/icon_64.png
07-20 08:23:15.402  2382  2410 V python  : extracting arch_rogue/assets/quest_cutscenes.json
07-20 08:23:15.403  2382  2410 V python  : extracting arch_rogue/assets/sprites/actors/acolyte/animations/act/
07-20 08:23:15.403  2382  2410 V python  : extracting arch_rogue/assets/sprites/actors/acolyte/animations/act/south/
07-20 08:23:15.404  2382  2410 V python  : extracting arch_rogue/assets/sprites/actors/acolyte/animations/act/south/frame_000.png
07-20 08:23:15.404  2382  2410 V python  : extracting arch_rogue/assets/sprites/actors/acolyte/animations/act/south/frame_001.png
07-20 08:23:15.405  2382  2410 V python  : extracting arch_rogue/assets/sprites/actors/acolyte/animations/act/south/frame_002.png
07-20 08:23:15.406  2382  2410 V python  : extracting arch_rogue/assets/sprites/actors/acolyte/animations/act/south/frame_003.png
07-20 08:23:15.407  2382  2382 W libc    : Access denied finding property "ro.debuggable"
07-20 08:23:15.407  2382  2410 V python  : extracting arch_rogue/assets/sprites/actors/acolyte/animations/act/south/frame_004.png
07-20 08:23:15.408  2382  2410 V python  : extracting arch_rogue/assets/sprites/actors/acolyte/animations/act/south/frame_005.png
07-20 08:23:15.408  2382  2410 V python  : extracting arch_rogue/assets/sprites/actors/acolyte/animations/act/south/frame_006.png
07-20 08:23:15.409  2382  2410 V python  : extracting arch_rogue/assets/sprites/actors/acolyte/animations/act/south/frame_007.png
07-20 08:23:15.410  2382  2410 V python  : extracting arch_rogue/assets/sprites/actors/acolyte/animations/attack/
07-20 08:23:15.410  2382  2410 V python  : extracting arch_rogue/assets/sprites/actors/acolyte/animations/attack/east/
07-20 08:23:15.411  2382  2410 V python  : extracting arch_rogue/assets/sprites/actors/acolyte/animations/attack/east/frame_000.png
07-20 08:23:15.411  2382  2410 V python  : extracting arch_rogue/assets/sprites/actors/acolyte/animations/attack/east/frame_001.png
07-20 08:23:15.412  2382  2410 V python  : extracting arch_rogue/assets/sprites/actors/acolyte/animations/attack/east/frame_002.png
--------- switch to system
07-20 08:23:15.412  2382  2382 D InsetsController: Setting requestedVisibleTypes to 498 (was 503)
--------- switch to main
07-20 08:23:15.413  2382  2410 V python  : extracting arch_rogue/assets/sprites/actors/acolyte/animations/attack/east/frame_003.png
07-20 08:23:15.413  2382  2410 V python  : extracting arch_rogue/assets/sprites/actors/acolyte/animations/attack/east/frame_004.png
07-20 08:23:15.414  2382  2410 V python  : extracting arch_rogue/assets/sprites/actors/acolyte/animations/attack/east/frame_005.png
07-20 08:23:15.415  2382  2410 V python  : extracting arch_rogue/assets/sprites/actors/acolyte/animations/attack/east/frame_006.png
07-20 08:23:15.416  2382  2410 V python  : extracting arch_rogue/assets/sprites/actors/acolyte/animations/attack/north-east/
07-20 08:23:15.416  2382  2410 V python  : extracting arch_rogue/assets/sprites/actors/acolyte/animations/attack/north-east/frame_000.png
--------- switch to events
07-20 08:23:15.416  2382  2382 I wm_on_top_resumed_gained_called: [Token=41414808,Component Name=org.kivy.android.PythonActivity,Reason=topStateChangedWhenResumed]
--------- switch to main
07-20 08:23:15.417  2382  2410 V python  : extracting arch_rogue/assets/sprites/actors/acolyte/animations/attack/north-east/frame_001.png
07-20 08:23:15.417  2382  2382 D VRI[PythonActivity]: WindowInsets changed: 2424x1080 statusBars:[0,63,0,0] navigationBars:[0,0,0,63] mandatorySystemGestures:[0,63,0,84] 
07-20 08:23:15.417  2382  2410 V python  : extracting arch_rogue/assets/sprites/actors/acolyte/animations/attack/north-east/frame_002.png
07-20 08:23:15.418  2382  2382 D WindowOnBackDispatcher: setTopOnBackInvokedCallback (unwrapped): android.view.ViewRootImpl$$ExternalSyntheticLambda14@3607fc8
07-20 08:23:15.418  2382  2410 V python  : extracting arch_rogue/assets/sprites/actors/acolyte/animations/attack/north-east/frame_003.png
07-20 08:23:15.419  2382  2410 V python  : extracting arch_rogue/assets/sprites/actors/acolyte/animations/attack/north-east/frame_004.png
07-20 08:23:15.419  2382  2410 V python  : extracting arch_rogue/assets/sprites/actors/acolyte/animations/attack/north-east/frame_005.png
07-20 08:23:15.419  2382  2410 V python  : extracting arch_rogue/assets/sprites/actors/acolyte/animations/attack/north-east/frame_006.png
07-20 08:23:15.420  2382  2410 V python  : extracting arch_rogue/assets/sprites/actors/acolyte/animations/attack/north-west/
07-20 08:23:15.420  2382  2410 V python  : extracting arch_rogue/assets/sprites/actors/acolyte/animations/attack/north-west/frame_000.png
07-20 08:23:15.421  2382  2410 V python  : extracting arch_rogue/assets/sprites/actors/acolyte/animations/attack/north-west/frame_001.png
07-20 08:23:15.421  2382  2410 V python  : extracting arch_rogue/assets/sprites/actors/acolyte/animations/attack/north-west/frame_002.png
07-20 08:23:15.422  2382  2410 V python  : extracting arch_rogue/assets/sprites/actors/acolyte/animations/attack/north-west/frame_003.png
07-20 08:23:15.422  2382  2410 V python  : extracting arch_rogue/assets/sprites/actors/acolyte/animations/attack/north-west/frame_004.png
07-20 08:23:15.423  2382  2410 V python  : extracting arch_rogue/assets/sprites/actors/acolyte/animations/attack/north-west/frame_005.png
07-20 08:23:15.423  2382  2410 V python  : extracting arch_rogue/assets/sprites/actors/acolyte/animations/attack/north-west/frame_006.png
07-20 08:23:15.423  2382  2410 V python  : extracting arch_rogue/assets/sprites/actors/acolyte/animations/attack/north/
07-20 08:23:15.424  2382  2410 V python  : extracting arch_rogue/assets/sprites/actors/acolyte/animations/attack/north/frame_000.png
07-20 08:23:15.424  2382  2410 V python  : extracting arch_rogue/assets/sprites/actors/acolyte/animations/attack/north/frame_001.png
07-20 08:23:15.424  2382  2410 V python  : extracting arch_rogue/assets/sprites/actors/acolyte/animations/attack/north/frame_002.png
07-20 08:23:15.425  2382  2410 V python  : extracting arch_rogue/assets/sprites/actors/acolyte/animations/attack/north/frame_003.png
07-20 08:23:15.425  2382  2410 V python  : extracting arch_rogue/assets/sprites/actors/acolyte/animations/attack/north/frame_004.png
07-20 08:23:15.425  2382  2410 V python  : extracting arch_rogue/assets/sprites/actors/acolyte/animations/attack/north/frame_005.png
07-20 08:23:15.426  2382  2382 I Surface : Creating surface for consumer unnamed-2382-0 with slotExpansion=1 for 64 slots
07-20 08:23:15.426  2382  2410 V python  : extracting arch_rogue/assets/sprites/actors/acolyte/animations/attack/north/frame_006.png
07-20 08:23:15.426  2382  2410 V python  : extracting arch_rogue/assets/sprites/actors/acolyte/animations/attack/south-east/
07-20 08:23:15.426  2382  2382 I Surface : Creating surface for consumer VRI[PythonActivity]#0(BLAST Consumer)0 with slotExpansion=1 for 64 slots
--------- switch to events
07-20 08:23:15.426  2382  2382 I viewroot_draw_event: [window=VRI[PythonActivity]538e937,event=applyTransactionOnDraw applyImmediately]
--------- switch to main
07-20 08:23:15.427  2382  2382 D nativeloader: Load libstats_jni.so using APEX ns com_android_os_statsd for caller /apex/com.android.os.statsd/javalib/framework-statsd.jar: ok
07-20 08:23:15.427  2382  2382 D VRI[PythonActivity]: WindowInsets changed: statusBars:null 
07-20 08:23:15.428  2382  2410 V python  : extracting arch_rogue/assets/sprites/actors/acolyte/animations/attack/south-east/frame_000.png
07-20 08:23:15.430  2382  2410 V python  : extracting arch_rogue/assets/sprites/actors/acolyte/animations/attack/south-east/frame_001.png
07-20 08:23:15.430  2382  2410 V python  : extracting arch_rogue/assets/sprites/actors/acolyte/animations/attack/south-east/frame_002.png
07-20 08:23:15.430  2382  2410 V python  : extracting arch_rogue/assets/sprites/actors/acolyte/animations/attack/south-east/frame_003.png
07-20 08:23:15.431  2382  2410 V python  : extracting arch_rogue/assets/sprites/actors/acolyte/animations/attack/south-east/frame_004.png
07-20 08:23:15.431  2382  2410 V python  : extracting arch_rogue/assets/sprites/actors/acolyte/animations/attack/south-east/frame_005.png
07-20 08:23:15.432  2382  2410 V python  : extracting arch_rogue/assets/sprites/actors/acolyte/animations/attack/south-east/frame_006.png
07-20 08:23:15.432  2382  2410 V python  : extracting arch_rogue/assets/sprites/actors/acolyte/animations/attack/south-west/
07-20 08:23:15.436  2382  2410 V python  : extracting arch_rogue/assets/sprites/actors/acolyte/animations/attack/south-west/frame_000.png
07-20 08:23:15.438  2382  2410 V python  : extracting arch_rogue/assets/sprites/actors/acolyte/animations/attack/south-west/frame_001.png
07-20 08:23:15.438  2382  2410 V python  : extracting arch_rogue/assets/sprites/actors/acolyte/animations/attack/south-west/frame_002.png
07-20 08:23:15.439  2382  2410 V python  : extracting arch_rogue/assets/sprites/actors/acolyte/animations/attack/south-west/frame_003.png
07-20 08:23:15.442  2382  2410 V python  : extracting arch_rogue/assets/sprites/actors/acolyte/animations/attack/south-west/frame_004.png
07-20 08:23:15.443  2382  2410 V python  : extracting arch_rogue/assets/sprites/actors/acolyte/animations/attack/south-west/frame_005.png
07-20 08:23:15.446  2382  2410 V python  : extracting arch_rogue/assets/sprites/actors/acolyte/animations/attack/south-west/frame_006.png
07-20 08:23:15.447  2382  2410 V python  : extracting arch_rogue/assets/sprites/actors/acolyte/animations/attack/south/
07-20 08:23:15.448  2382  2410 V python  : extracting arch_rogue/assets/sprites/actors/acolyte/animations/attack/south/frame_000.png
07-20 08:23:15.453  2382  2410 V python  : extracting arch_rogue/assets/sprites/actors/acolyte/animations/attack/south/frame_001.png
07-20 08:23:15.454  2382  2410 V python  : extracting arch_rogue/assets/sprites/actors/acolyte/animations/attack/south/frame_002.png
07-20 08:23:15.454  2382  2410 V python  : extracting arch_rogue/assets/sprites/actors/acolyte/animations/attack/south/frame_003.png
07-20 08:23:15.455  2382  2410 V python  : extracting arch_rogue/assets/sprites/actors/acolyte/animations/attack/south/frame_004.png
07-20 08:23:15.456  2382  2410 V python  : extracting arch_rogue/assets/sprites/actors/acolyte/animations/attack/south/frame_005.png
07-20 08:23:15.456  2382  2410 V python  : extracting arch_rogue/assets/sprites/actors/acolyte/animations/attack/south/frame_006.png
07-20 08:23:15.458  2382  2410 V python  : extracting arch_rogue/assets/sprites/actors/acolyte/animations/attack/west/
07-20 08:23:15.458  2382  2410 V python  : extracting arch_rogue/assets/sprites/actors/acolyte/animations/attack/west/frame_000.png
07-20 08:23:15.460  2382  2410 V python  : extracting arch_rogue/assets/sprites/actors/acolyte/animations/attack/west/frame_001.png
07-20 08:23:15.462  2382  2410 V python  : extracting arch_rogue/assets/sprites/actors/acolyte/animations/attack/west/frame_002.png
07-20 08:23:15.464  2382  2410 V python  : extracting arch_rogue/assets/sprites/actors/acolyte/animations/attack/west/frame_003.png
07-20 08:23:15.466  2382  2410 V python  : extracting arch_rogue/assets/sprites/actors/acolyte/animations/attack/west/frame_004.png
07-20 08:23:15.467  2382  2410 V python  : extracting arch_rogue/assets/sprites/actors/acolyte/animations/attack/west/frame_005.png
07-20 08:23:15.469  2382  2410 V python  : extracting arch_rogue/assets/sprites/actors/acolyte/animations/attack/west/frame_006.png
--------- switch to events
07-20 08:23:15.476  2382  2382 I viewroot_draw_event: [window=VRI[PythonActivity]538e937,event=reportDrawFinished seqId=1]
--------- switch to main
07-20 08:23:15.476  2382  2410 V python  : extracting arch_rogue/assets/sprites/actors/acolyte/animations/cast/
07-20 08:23:15.476  2382  2410 V python  : extracting arch_rogue/assets/sprites/actors/acolyte/animations/cast/east/
07-20 08:23:15.476  2382  2410 V python  : extracting arch_rogue/assets/sprites/actors/acolyte/animations/cast/east/frame_000.png
07-20 08:23:15.477  2382  2410 V python  : extracting arch_rogue/assets/sprites/actors/acolyte/animations/cast/east/frame_001.png
07-20 08:23:15.477  2382  2410 V python  : extracting arch_rogue/assets/sprites/actors/acolyte/animations/cast/east/frame_002.png
07-20 08:23:15.478  2382  2410 V python  : extracting arch_rogue/assets/sprites/actors/acolyte/animations/cast/east/frame_003.png
07-20 08:23:15.478  2382  2410 V python  : extracting arch_rogue/assets/sprites/actors/acolyte/animations/cast/east/frame_004.png
07-20 08:23:15.478  2382  2410 V python  : extracting arch_rogue/assets/sprites/actors/acolyte/animations/cast/east/frame_005.png
07-20 08:23:15.479  2382  2410 V python  : extracting arch_rogue/assets/sprites/actors/acolyte/animations/cast/east/frame_006.png
07-20 08:23:15.480  2382  2410 V python  : extracting arch_rogue/assets/sprites/actors/acolyte/animations/cast/north-east/
07-20 08:23:15.480  2382  2410 V python  : extracting arch_rogue/assets/sprites/actors/acolyte/animations/cast/north-east/frame_000.png
07-20 08:23:15.482  2382  2410 V python  : extracting arch_rogue/assets/sprites/actors/acolyte/animations/cast/north-east/frame_001.png
07-20 08:23:15.482  2382  2410 V python  : extracting arch_rogue/assets/sprites/actors/acolyte/animations/cast/north-east/frame_002.png
07-20 08:23:15.482  2382  2410 V python  : extracting arch_rogue/assets/sprites/actors/acolyte/animations/cast/north-east/frame_003.png
07-20 08:23:15.483  2382  2410 V python  : extracting arch_rogue/assets/sprites/actors/acolyte/animations/cast/north-east/frame_004.png
07-20 08:23:15.483  2382  2410 V python  : extracting arch_rogue/assets/sprites/actors/acolyte/animations/cast/north-east/frame_005.png
07-20 08:23:15.483  2382  2410 V python  : extracting arch_rogue/assets/sprites/actors/acolyte/animations/cast/north-east/frame_006.png
07-20 08:23:15.484  2382  2410 V python  : extracting arch_rogue/assets/sprites/actors/acolyte/animations/cast/north-west/
07-20 08:23:15.484  2382  2410 V python  : extracting arch_rogue/assets/sprites/actors/acolyte/animations/cast/north-west/frame_000.png
07-20 08:23:15.484  2382  2410 V python  : extracting arch_rogue/assets/sprites/actors/acolyte/animations/cast/north-west/frame_001.png
07-20 08:23:15.485  2382  2410 V python  : extracting arch_rogue/assets/sprites/actors/acolyte/animations/cast/north-west/frame_002.png
07-20 08:23:15.485  2382  2410 V python  : extracting arch_rogue/assets/sprites/actors/acolyte/animations/cast/north-west/frame_003.png
07-20 08:23:15.485  2382  2410 V python  : extracting arch_rogue/assets/sprites/actors/acolyte/animations/cast/north-west/frame_004.png
07-20 08:23:15.486  2382  2410 V python  : extracting arch_rogue/assets/sprites/actors/acolyte/animations/cast/north-west/frame_005.png
07-20 08:23:15.486  2382  2410 V python  : extracting arch_rogue/assets/sprites/actors/acolyte/animations/cast/north-west/frame_006.png
07-20 08:23:15.486  2382  2410 V python  : extracting arch_rogue/assets/sprites/actors/acolyte/animations/cast/north/
07-20 08:23:15.486  2382  2410 V python  : extracting arch_rogue/assets/sprites/actors/acolyte/animations/cast/north/frame_000.png
07-20 08:23:15.487  2382  2410 V python  : extracting arch_rogue/assets/sprites/actors/acolyte/animations/cast/north/frame_001.png
07-20 08:23:15.487  2382  2410 V python  : extracting arch_rogue/assets/sprites/actors/acolyte/animations/cast/north/frame_002.png
07-20 08:23:15.487  2382  2410 V python  : extracting arch_rogue/assets/sprites/actors/acolyte/animations/cast/north/frame_003.png
07-20 08:23:15.487  2382  2410 V python  : extracting arch_rogue/assets/sprites/actors/acolyte/animations/cast/north/frame_004.png
07-20 08:23:15.488  2382  2410 V python  : extracting arch_rogue/assets/sprites/actors/acolyte/animations/cast/north/frame_005.png
07-20 08:23:15.488  2382  2410 V python  : extracting arch_rogue/assets/sprites/actors/acolyte/animations/cast/north/frame_006.png
07-20 08:23:15.488  2382  2410 V python  : extracting arch_rogue/assets/sprites/actors/acolyte/animations/cast/south-east/
07-20 08:23:15.488  2382  2410 V python  : extracting arch_rogue/assets/sprites/actors/acolyte/animations/cast/south-east/frame_000.png
07-20 08:23:15.489  2382  2410 V python  : extracting arch_rogue/assets/sprites/actors/acolyte/animations/cast/south-east/frame_001.png
--------- switch to events
07-20 08:23:15.490  2382  2382 I viewroot_draw_event: [window=VRI[PythonActivity]538e937,event=reportDrawFinished seqId=2]
--------- switch to main
07-20 08:23:15.490  2382  2410 V python  : extracting arch_rogue/assets/sprites/actors/acolyte/animations/cast/south-east/frame_002.png
07-20 08:23:15.490  2382  2410 V python  : extracting arch_rogue/assets/sprites/actors/acolyte/animations/cast/south-east/frame_003.png
07-20 08:23:15.491  2382  2410 V python  : extracting arch_rogue/assets/sprites/actors/acolyte/animations/cast/south-east/frame_004.png
07-20 08:23:15.491  2382  2410 V python  : extracting arch_rogue/assets/sprites/actors/acolyte/animations/cast/south-east/frame_005.png
07-20 08:23:15.492  2382  2410 V python  : extracting arch_rogue/assets/sprites/actors/acolyte/animations/cast/south-east/frame_006.png
07-20 08:23:15.492  2382  2410 V python  : extracting arch_rogue/assets/sprites/actors/acolyte/animations/cast/south-west/
07-20 08:23:15.492  2382  2410 V python  : extracting arch_rogue/assets/sprites/actors/acolyte/animations/cast/south-west/frame_000.png
07-20 08:23:15.493  2382  2410 V python  : extracting arch_rogue/assets/sprites/actors/acolyte/animations/cast/south-west/frame_001.png
07-20 08:23:15.493  2382  2410 V python  : extracting arch_rogue/assets/sprites/actors/acolyte/animations/cast/south-west/frame_002.png
07-20 08:23:15.493  2382  2410 V python  : extracting arch_rogue/assets/sprites/actors/acolyte/animations/cast/south-west/frame_003.png
07-20 08:23:15.494  2382  2410 V python  : extracting arch_rogue/assets/sprites/actors/acolyte/animations/cast/south-west/frame_004.png
07-20 08:23:15.494  2382  2410 V python  : extracting arch_rogue/assets/sprites/actors/acolyte/animations/cast/south-west/frame_005.png
07-20 08:23:15.494  2382  2410 V python  : extracting arch_rogue/assets/sprites/actors/acolyte/animations/cast/south-west/frame_006.png
07-20 08:23:15.495  2382  2410 V python  : extracting arch_rogue/assets/sprites/actors/acolyte/animations/cast/south/
07-20 08:23:15.495  2382  2410 V python  : extracting arch_rogue/assets/sprites/actors/acolyte/animations/cast/south/frame_000.png
07-20 08:23:15.495  2382  2410 V python  : extracting arch_rogue/assets/sprites/actors/acolyte/animations/cast/south/frame_001.png
07-20 08:23:15.496  2382  2410 V python  : extracting arch_rogue/assets/sprites/actors/acolyte/animations/cast/south/frame_002.png
07-20 08:23:15.496  2382  2410 V python  : extracting arch_rogue/assets/sprites/actors/acolyte/animations/cast/south/frame_003.png
07-20 08:23:15.496  2382  2410 V python  : extracting arch_rogue/assets/sprites/actors/acolyte/animations/cast/south/frame_004.png
07-20 08:23:15.497  2382  2410 V python  : extracting arch_rogue/assets/sprites/actors/acolyte/animations/cast/south/frame_005.png
07-20 08:23:15.497  2382  2410 V python  : extracting arch_rogue/assets/sprites/actors/acolyte/animations/cast/south/frame_006.png
07-20 08:23:15.497  2382  2410 V python  : extracting arch_rogue/assets/sprites/actors/acolyte/animations/cast/west/
07-20 08:23:15.497  2382  2410 V python  : extracting arch_rogue/assets/sprites/actors/acolyte/animations/cast/west/frame_000.png
07-20 08:23:15.498  2382  2410 V python  : extracting arch_rogue/assets/sprites/actors/acolyte/animations/cast/west/frame_001.png
07-20 08:23:15.498  2382  2410 V python  : extracting arch_rogue/assets/sprites/actors/acolyte/animations/cast/west/frame_002.png
07-20 08:23:15.499  2382  2410 V python  : extracting arch_rogue/assets/sprites/actors/acolyte/animations/cast/west/frame_003.png
07-20 08:23:15.499  2382  2410 V python  : extracting arch_rogue/assets/sprites/actors/acolyte/animations/cast/west/frame_004.png
07-20 08:23:15.499  2382  2410 V python  : extracting arch_rogue/assets/sprites/actors/acolyte/animations/cast/west/frame_005.png
07-20 08:23:15.500  2382  2410 V python  : extracting arch_rogue/assets/sprites/actors/acolyte/animations/cast/west/frame_006.png
07-20 08:23:15.500  2382  2410 V python  : extracting arch_rogue/assets/sprites/actors/acolyte/animations/idle/
07-20 08:23:15.500  2382  2410 V python  : extracting arch_rogue/assets/sprites/actors/acolyte/animations/idle/east/
07-20 08:23:15.500  2382  2410 V python  : extracting arch_rogue/assets/sprites/actors/acolyte/animations/idle/east/frame_000.png
07-20 08:23:15.501  2382  2410 V python  : extracting arch_rogue/assets/sprites/actors/acolyte/animations/idle/east/frame_001.png
07-20 08:23:15.501  2382  2410 V python  : extracting arch_rogue/assets/sprites/actors/acolyte/animations/idle/east/frame_002.png
07-20 08:23:15.502  2382  2410 V python  : extracting arch_rogue/assets/sprites/actors/acolyte/animations/idle/east/frame_003.png
07-20 08:23:15.502  2382  2410 V python  : extracting arch_rogue/assets/sprites/actors/acolyte/animations/idle/north-east/
07-20 08:23:15.502  2382  2410 V python  : extracting arch_rogue/assets/sprites/actors/acolyte/animations/idle/north-east/frame_000.png
07-20 08:23:15.503  2382  2410 V python  : extracting arch_rogue/assets/sprites/actors/acolyte/animations/idle/north-east/frame_001.png
07-20 08:23:15.503  2382  2410 V python  : extracting arch_rogue/assets/sprites/actors/acolyte/animations/idle/north-east/frame_002.png
07-20 08:23:15.504  2382  2410 V python  : extracting arch_rogue/assets/sprites/actors/acolyte/animations/idle/north-east/frame_003.png
07-20 08:23:15.504  2382  2410 V python  : extracting arch_rogue/assets/sprites/actors/acolyte/animations/idle/north-west/
07-20 08:23:15.504  2382  2410 V python  : extracting arch_rogue/assets/sprites/actors/acolyte/animations/idle/north-west/frame_000.png
07-20 08:23:15.505  2382  2410 V python  : extracting arch_rogue/assets/sprites/actors/acolyte/animations/idle/north-west/frame_001.png
07-20 08:23:15.505  2382  2410 V python  : extracting arch_rogue/assets/sprites/actors/acolyte/animations/idle/north-west/frame_002.png
07-20 08:23:15.505  2382  2410 V python  : extracting arch_rogue/assets/sprites/actors/acolyte/animations/idle/north-west/frame_003.png
07-20 08:23:15.506  2382  2410 V python  : extracting arch_rogue/assets/sprites/actors/acolyte/animations/idle/north/
07-20 08:23:15.506  2382  2410 V python  : extracting arch_rogue/assets/sprites/actors/acolyte/animations/idle/north/frame_000.png
07-20 08:23:15.506  2382  2410 V python  : extracting arch_rogue/assets/sprites/actors/acolyte/animations/idle/north/frame_001.png
07-20 08:23:15.507  2382  2410 V python  : extracting arch_rogue/assets/sprites/actors/acolyte/animations/idle/north/frame_002.png
07-20 08:23:15.507  2382  2410 V python  : extracting arch_rogue/assets/sprites/actors/acolyte/animations/idle/north/frame_003.png
07-20 08:23:15.508  2382  2410 V python  : extracting arch_rogue/assets/sprites/actors/acolyte/animations/idle/south-east/
--------- switch to events
07-20 08:23:15.508  2382  2382 I input_focus: window=ViewRootImpl focus=true for org.archrogue.archrogue/org.kivy.android.PythonActivity
--------- switch to main
07-20 08:23:15.508  2382  2410 V python  : extracting arch_rogue/assets/sprites/actors/acolyte/animations/idle/south-east/frame_000.png
07-20 08:23:15.508  2382  2382 V SDL     : onWindowFocusChanged(): true
07-20 08:23:15.508  2382  2410 V python  : extracting arch_rogue/assets/sprites/actors/acolyte/animations/idle/south-east/frame_001.png
07-20 08:23:15.509  2382  2410 V python  : extracting arch_rogue/assets/sprites/actors/acolyte/animations/idle/south-east/frame_002.png
07-20 08:23:15.509  2382  2410 V python  : extracting arch_rogue/assets/sprites/actors/acolyte/animations/idle/south-east/frame_003.png
07-20 08:23:15.510  2382  2410 V python  : extracting arch_rogue/assets/sprites/actors/acolyte/animations/idle/south-west/
07-20 08:23:15.510  2382  2410 V python  : extracting arch_rogue/assets/sprites/actors/acolyte/animations/idle/south-west/frame_000.png
07-20 08:23:15.510  2382  2410 V python  : extracting arch_rogue/assets/sprites/actors/acolyte/animations/idle/south-west/frame_001.png
07-20 08:23:15.511  2382  2410 V python  : extracting arch_rogue/assets/sprites/actors/acolyte/animations/idle/south-west/frame_002.png
07-20 08:23:15.511  2382  2410 V python  : extracting arch_rogue/assets/sprites/actors/acolyte/animations/idle/south-west/frame_003.png
--------- switch to system
07-20 08:23:15.511  2382  2382 D InsetsController: hide(ime())
--------- switch to main
07-20 08:23:15.511  2382  2410 V python  : extracting arch_rogue/assets/sprites/actors/acolyte/animations/idle/south/
07-20 08:23:15.512  2382  2410 V python  : extracting arch_rogue/assets/sprites/actors/acolyte/animations/idle/south/frame_000.png
07-20 08:23:15.512  2382  2410 V python  : extracting arch_rogue/assets/sprites/actors/acolyte/animations/idle/south/frame_001.png
07-20 08:23:15.513  2382  2410 V python  : extracting arch_rogue/assets/sprites/actors/acolyte/animations/idle/south/frame_002.png
07-20 08:23:15.513  2382  2410 V python  : extracting arch_rogue/assets/sprites/actors/acolyte/animations/idle/south/frame_003.png
--------- switch to system
07-20 08:23:15.513  2382  2382 I ImeTracker: org.archrogue.archrogue:fe29223b: onCancelled at PHASE_CLIENT_ALREADY_HIDDEN
--------- switch to main
07-20 08:23:15.513  2382  2410 V python  : extracting arch_rogue/assets/sprites/actors/acolyte/animations/idle/west/
07-20 08:23:15.514  2382  2410 V python  : extracting arch_rogue/assets/sprites/actors/acolyte/animations/idle/west/frame_000.png
07-20 08:23:15.514  2382  2410 V python  : extracting arch_rogue/assets/sprites/actors/acolyte/animations/idle/west/frame_001.png
07-20 08:23:15.514  2382  2410 V python  : extracting arch_rogue/assets/sprites/actors/acolyte/animations/idle/west/frame_002.png
07-20 08:23:15.515  2382  2410 V python  : extracting arch_rogue/assets/sprites/actors/acolyte/animations/idle/west/frame_003.png
07-20 08:23:15.515  2382  2410 V python  : extracting arch_rogue/assets/sprites/actors/acolyte/animations/walk/
07-20 08:23:15.515  2382  2410 V python  : extracting arch_rogue/assets/sprites/actors/acolyte/animations/walk/east/
07-20 08:23:15.516  2382  2410 V python  : extracting arch_rogue/assets/sprites/actors/acolyte/animations/walk/east/frame_000.png
07-20 08:23:15.516  2382  2410 V python  : extracting arch_rogue/assets/sprites/actors/acolyte/animations/walk/east/frame_001.png
07-20 08:23:15.516  2382  2410 V python  : extracting arch_rogue/assets/sprites/actors/acolyte/animations/walk/east/frame_002.png
07-20 08:23:15.517  2382  2410 V python  : extracting arch_rogue/assets/sprites/actors/acolyte/animations/walk/east/frame_003.png
07-20 08:23:15.517  2382  2410 V python  : extracting arch_rogue/assets/sprites/actors/acolyte/animations/walk/east/frame_004.png
07-20 08:23:15.518  2382  2410 V python  : extracting arch_rogue/assets/sprites/actors/acolyte/animations/walk/east/frame_005.png
07-20 08:23:15.518  2382  2410 V python  : extracting arch_rogue/assets/sprites/actors/acolyte/animations/walk/north-east/
07-20 08:23:15.518  2382  2410 V python  : extracting arch_rogue/assets/sprites/actors/acolyte/animations/walk/north-east/frame_000.png
07-20 08:23:15.519  2382  2410 V python  : extracting arch_rogue/assets/sprites/actors/acolyte/animations/walk/north-east/frame_001.png
07-20 08:23:15.519  2382  2410 V python  : extracting arch_rogue/assets/sprites/actors/acolyte/animations/walk/north-east/frame_002.png
07-20 08:23:15.519  2382  2410 V python  : extracting arch_rogue/assets/sprites/actors/acolyte/animations/walk/north-east/frame_003.png
07-20 08:23:15.520  2382  2410 V python  : extracting arch_rogue/assets/sprites/actors/acolyte/animations/walk/north-east/frame_004.png
07-20 08:23:15.520  2382  2410 V python  : extracting arch_rogue/assets/sprites/actors/acolyte/animations/walk/north-east/frame_005.png
07-20 08:23:15.521  2382  2410 V python  : extracting arch_rogue/assets/sprites/actors/acolyte/animations/walk/north-west/
07-20 08:23:15.521  2382  2410 V python  : extracting arch_rogue/assets/sprites/actors/acolyte/animations/walk/north-west/frame_000.png
07-20 08:23:15.521  2382  2410 V python  : extracting arch_rogue/assets/sprites/actors/acolyte/animations/walk/north-west/frame_001.png
07-20 08:23:15.522  2382  2410 V python  : extracting arch_rogue/assets/sprites/actors/acolyte/animations/walk/north-west/frame_002.png
07-20 08:23:15.522  2382  2410 V python  : extracting arch_rogue/assets/sprites/actors/acolyte/animations/walk/north-west/frame_003.png
07-20 08:23:15.523  2382  2410 V python  : extracting arch_rogue/assets/sprites/actors/acolyte/animations/walk/north-west/frame_004.png
07-20 08:23:15.523  2382  2410 V python  : extracting arch_rogue/assets/sprites/actors/acolyte/animations/walk/north-west/frame_005.png
07-20 08:23:15.523  2382  2410 V python  : extracting arch_rogue/assets/sprites/actors/acolyte/animations/walk/north/
07-20 08:23:15.524  2382  2410 V python  : extracting arch_rogue/assets/sprites/actors/acolyte/animations/walk/north/frame_000.png
07-20 08:23:15.524  2382  2410 V python  : extracting arch_rogue/assets/sprites/actors/acolyte/animations/walk/north/frame_001.png
07-20 08:23:15.524  2382  2410 V python  : extracting arch_rogue/assets/sprites/actors/acolyte/animations/walk/north/frame_002.png
07-20 08:23:15.525  2382  2410 V python  : extracting arch_rogue/assets/sprites/actors/acolyte/animations/walk/north/frame_003.png
07-20 08:23:15.525  2382  2410 V python  : extracting arch_rogue/assets/sprites/actors/acolyte/animations/walk/north/frame_004.png
07-20 08:23:15.526  2382  2410 V python  : extracting arch_rogue/assets/sprites/actors/acolyte/animations/walk/north/frame_005.png
07-20 08:23:15.526  2382  2410 V python  : extracting arch_rogue/assets/sprites/actors/acolyte/animations/walk/south-east/
07-20 08:23:15.526  2382  2410 V python  : extracting arch_rogue/assets/sprites/actors/acolyte/animations/walk/south-east/frame_000.png
07-20 08:23:15.527  2382  2410 V python  : extracting arch_rogue/assets/sprites/actors/acolyte/animations/walk/south-east/frame_001.png
07-20 08:23:15.527  2382  2410 V python  : extracting arch_rogue/assets/sprites/actors/acolyte/animations/walk/south-east/frame_002.png
07-20 08:23:15.527  2382  2410 V python  : extracting arch_rogue/assets/sprites/actors/acolyte/animations/walk/south-east/frame_003.png
07-20 08:23:15.528  2382  2410 V python  : extracting arch_rogue/assets/sprites/actors/acolyte/animations/walk/south-east/frame_004.png
07-20 08:23:15.528  2382  2410 V python  : extracting arch_rogue/assets/sprites/actors/acolyte/animations/walk/south-east/frame_005.png
07-20 08:23:15.529  2382  2410 V python  : extracting arch_rogue/assets/sprites/actors/acolyte/animations/walk/south-west/
07-20 08:23:15.529  2382  2410 V python  : extracting arch_rogue/assets/sprites/actors/acolyte/animations/walk/south-west/frame_000.png
07-20 08:23:15.529  2382  2410 V python  : extracting arch_rogue/assets/sprites/actors/acolyte/animations/walk/south-west/frame_001.png
07-20 08:23:15.530  2382  2410 V python  : extracting arch_rogue/assets/sprites/actors/acolyte/animations/walk/south-west/frame_002.png
07-20 08:23:15.530  2382  2410 V python  : extracting arch_rogue/assets/sprites/actors/acolyte/animations/walk/south-west/frame_003.png
07-20 08:23:15.531  2382  2410 V python  : extracting arch_rogue/assets/sprites/actors/acolyte/animations/walk/south-west/frame_004.png
07-20 08:23:15.531  2382  2410 V python  : extracting arch_rogue/assets/sprites/actors/acolyte/animations/walk/south-west/frame_005.png
07-20 08:23:15.532  2382  2410 V python  : extracting arch_rogue/assets/sprites/actors/acolyte/animations/walk/south/
07-20 08:23:15.532  2382  2410 V python  : extracting arch_rogue/assets/sprites/actors/acolyte/animations/walk/south/frame_000.png
07-20 08:23:15.532  2382  2410 V python  : extracting arch_rogue/assets/sprites/actors/acolyte/animations/walk/south/frame_001.png
07-20 08:23:15.533  2382  2410 V python  : extracting arch_rogue/assets/sprites/actors/acolyte/animations/walk/south/frame_002.png
07-20 08:23:15.533  2382  2410 V python  : extracting arch_rogue/assets/sprites/actors/acolyte/animations/walk/south/frame_003.png
07-20 08:23:15.534  2382  2410 V python  : extracting arch_rogue/assets/sprites/actors/acolyte/animations/walk/south/frame_004.png
07-20 08:23:15.534  2382  2410 V python  : extracting arch_rogue/assets/sprites/actors/acolyte/animations/walk/south/frame_005.png
07-20 08:23:15.535  2382  2410 V python  : extracting arch_rogue/assets/sprites/actors/acolyte/animations/walk/west/
07-20 08:23:15.535  2382  2410 V python  : extracting arch_rogue/assets/sprites/actors/acolyte/animations/walk/west/frame_000.png
07-20 08:23:15.535  2382  2410 V python  : extracting arch_rogue/assets/sprites/actors/acolyte/animations/walk/west/frame_001.png
07-20 08:23:15.536  2382  2410 V python  : extracting arch_rogue/assets/sprites/actors/acolyte/animations/walk/west/frame_002.png
07-20 08:23:15.536  2382  2410 V python  : extracting arch_rogue/assets/sprites/actors/acolyte/animations/walk/west/frame_003.png
07-20 08:23:15.536  2382  2410 V python  : extracting arch_rogue/assets/sprites/actors/acolyte/animations/walk/west/frame_004.png
07-20 08:23:15.537  2382  2410 V python  : extracting arch_rogue/assets/sprites/actors/acolyte/animations/walk/west/frame_005.png
07-20 08:23:15.537  2382  2410 V python  : extracting arch_rogue/assets/sprites/actors/acolyte/
07-20 08:23:15.537  2382  2410 V python  : extracting arch_rogue/assets/sprites/actors/acolyte/rotations/
07-20 08:23:15.538  2382  2410 V python  : extracting arch_rogue/assets/sprites/actors/acolyte/rotations/east.png
07-20 08:23:15.538  2382  2410 V python  : extracting arch_rogue/assets/sprites/actors/acolyte/rotations/north-east.png
07-20 08:23:15.538  2382  2410 V python  : extracting arch_rogue/assets/sprites/actors/acolyte/rotations/north-west.png
07-20 08:23:15.539  2382  2410 V python  : extracting arch_rogue/assets/sprites/actors/acolyte/rotations/north.png
07-20 08:23:15.539  2382  2410 V python  : extracting arch_rogue/assets/sprites/actors/acolyte/rotations/south-east.png
07-20 08:23:15.539  2382  2410 V python  : extracting arch_rogue/assets/sprites/actors/acolyte/rotations/south-west.png
07-20 08:23:15.540  2382  2410 V python  : extracting arch_rogue/assets/sprites/actors/acolyte/rotations/south.png
07-20 08:23:15.540  2382  2410 V python  : extracting arch_rogue/assets/sprites/actors/acolyte/rotations/west.png
07-20 08:23:15.541  2382  2410 V python  : extracting arch_rogue/assets/sprites/actors/arcanist/animations/act/
07-20 08:23:15.541  2382  2410 V python  : extracting arch_rogue/assets/sprites/actors/arcanist/animations/act/south/
07-20 08:23:15.541  2382  2410 V python  : extracting arch_rogue/assets/sprites/actors/arcanist/animations/act/south/frame_000.png
07-20 08:23:15.542  2382  2410 V python  : extracting arch_rogue/assets/sprites/actors/arcanist/animations/act/south/frame_001.png
07-20 08:23:15.542  2382  2410 V python  : extracting arch_rogue/assets/sprites/actors/arcanist/animations/act/south/frame_002.png
07-20 08:23:15.542  2382  2410 V python  : extracting arch_rogue/assets/sprites/actors/arcanist/animations/act/south/frame_003.png
07-20 08:23:15.543  2382  2410 V python  : extracting arch_rogue/assets/sprites/actors/arcanist/animations/act/south/frame_004.png
07-20 08:23:15.543  2382  2410 V python  : extracting arch_rogue/assets/sprites/actors/arcanist/animations/act/south/frame_005.png
07-20 08:23:15.544  2382  2410 V python  : extracting arch_rogue/assets/sprites/actors/arcanist/animations/act/south/frame_006.png
07-20 08:23:15.544  2382  2410 V python  : extracting arch_rogue/assets/sprites/actors/arcanist/animations/act/south/frame_007.png
07-20 08:23:15.545  2382  2410 V python  : extracting arch_rogue/assets/sprites/actors/arcanist/animations/attack/
07-20 08:23:15.545  2382  2410 V python  : extracting arch_rogue/assets/sprites/actors/arcanist/animations/attack/east/
07-20 08:23:15.545  2382  2410 V python  : extracting arch_rogue/assets/sprites/actors/arcanist/animations/attack/east/frame_000.png
07-20 08:23:15.545  2382  2410 V python  : extracting arch_rogue/assets/sprites/actors/arcanist/animations/attack/east/frame_001.png
07-20 08:23:15.546  2382  2410 V python  : extracting arch_rogue/assets/sprites/actors/arcanist/animations/attack/east/frame_002.png
07-20 08:23:15.546  2382  2410 V python  : extracting arch_rogue/assets/sprites/actors/arcanist/animations/attack/east/frame_003.png
07-20 08:23:15.546  2382  2410 V python  : extracting arch_rogue/assets/sprites/actors/arcanist/animations/attack/east/frame_004.png
07-20 08:23:15.546  2382  2410 V python  : extracting arch_rogue/assets/sprites/actors/arcanist/animations/attack/east/frame_005.png
07-20 08:23:15.547  2382  2410 V python  : extracting arch_rogue/assets/sprites/actors/arcanist/animations/attack/east/frame_006.png
07-20 08:23:15.547  2382  2410 V python  : extracting arch_rogue/assets/sprites/actors/arcanist/animations/attack/north-east/
07-20 08:23:15.547  2382  2410 V python  : extracting arch_rogue/assets/sprites/actors/arcanist/animations/attack/north-east/frame_000.png
07-20 08:23:15.547  2382  2410 V python  : extracting arch_rogue/assets/sprites/actors/arcanist/animations/attack/north-east/frame_001.png
07-20 08:23:15.548  2382  2410 V python  : extracting arch_rogue/assets/sprites/actors/arcanist/animations/attack/north-east/frame_002.png
07-20 08:23:15.548  2382  2410 V python  : extracting arch_rogue/assets/sprites/actors/arcanist/animations/attack/north-east/frame_003.png
07-20 08:23:15.548  2382  2410 V python  : extracting arch_rogue/assets/sprites/actors/arcanist/animations/attack/north-east/frame_004.png
07-20 08:23:15.549  2382  2410 V python  : extracting arch_rogue/assets/sprites/actors/arcanist/animations/attack/north-east/frame_005.png
07-20 08:23:15.549  2382  2410 V python  : extracting arch_rogue/assets/sprites/actors/arcanist/animations/attack/north-east/frame_006.png
07-20 08:23:15.549  2382  2410 V python  : extracting arch_rogue/assets/sprites/actors/arcanist/animations/attack/north-west/
07-20 08:23:15.549  2382  2410 V python  : extracting arch_rogue/assets/sprites/actors/arcanist/animations/attack/north-west/frame_000.png
07-20 08:23:15.550  2382  2410 V python  : extracting arch_rogue/assets/sprites/actors/arcanist/animations/attack/north-west/frame_001.png
07-20 08:23:15.550  2382  2410 V python  : extracting arch_rogue/assets/sprites/actors/arcanist/animations/attack/north-west/frame_002.png
07-20 08:23:15.550  2382  2410 V python  : extracting arch_rogue/assets/sprites/actors/arcanist/animations/attack/north-west/frame_003.png
07-20 08:23:15.551  2382  2410 V python  : extracting arch_rogue/assets/sprites/actors/arcanist/animations/attack/north-west/frame_004.png
07-20 08:23:15.551  2382  2410 V python  : extracting arch_rogue/assets/sprites/actors/arcanist/animations/attack/north-west/frame_005.png
07-20 08:23:15.551  2382  2410 V python  : extracting arch_rogue/assets/sprites/actors/arcanist/animations/attack/north-west/frame_006.png
07-20 08:23:15.552  2382  2410 V python  : extracting arch_rogue/assets/sprites/actors/arcanist/animations/attack/north/
07-20 08:23:15.552  2382  2410 V python  : extracting arch_rogue/assets/sprites/actors/arcanist/animations/attack/north/frame_000.png
07-20 08:23:15.552  2382  2410 V python  : extracting arch_rogue/assets/sprites/actors/arcanist/animations/attack/north/frame_001.png
07-20 08:23:15.552  2382  2410 V python  : extracting arch_rogue/assets/sprites/actors/arcanist/animations/attack/north/frame_002.png
07-20 08:23:15.553  2382  2410 V python  : extracting arch_rogue/assets/sprites/actors/arcanist/animations/attack/north/frame_003.png
07-20 08:23:15.553  2382  2410 V python  : extracting arch_rogue/assets/sprites/actors/arcanist/animations/attack/north/frame_004.png
07-20 08:23:15.553  2382  2410 V python  : extracting arch_rogue/assets/sprites/actors/arcanist/animations/attack/north/frame_005.png
07-20 08:23:15.554  2382  2410 V python  : extracting arch_rogue/assets/sprites/actors/arcanist/animations/attack/north/frame_006.png
07-20 08:23:15.554  2382  2410 V python  : extracting arch_rogue/assets/sprites/actors/arcanist/animations/attack/north/frame_007.png
07-20 08:23:15.554  2382  2410 V python  : extracting arch_rogue/assets/sprites/actors/arcanist/animations/attack/north/frame_008.png
07-20 08:23:15.555  2382  2410 V python  : extracting arch_rogue/assets/sprites/actors/arcanist/animations/attack/south-east/
07-20 08:23:15.555  2382  2410 V python  : extracting arch_rogue/assets/sprites/actors/arcanist/animations/attack/south-east/frame_000.png
07-20 08:23:15.555  2382  2410 V python  : extracting arch_rogue/assets/sprites/actors/arcanist/animations/attack/south-east/frame_001.png
07-20 08:23:15.556  2382  2410 V python  : extracting arch_rogue/assets/sprites/actors/arcanist/animations/attack/south-east/frame_002.png
07-20 08:23:15.556  2382  2410 V python  : extracting arch_rogue/assets/sprites/actors/arcanist/animations/attack/south-east/frame_003.png
07-20 08:23:15.556  2382  2410 V python  : extracting arch_rogue/assets/sprites/actors/arcanist/animations/attack/south-east/frame_004.png
07-20 08:23:15.557  2382  2410 V python  : extracting arch_rogue/assets/sprites/actors/arcanist/animations/attack/south-east/frame_005.png
07-20 08:23:15.557  2382  2410 V python  : extracting arch_rogue/assets/sprites/actors/arcanist/animations/attack/south-east/frame_006.png
